Component: ARM Compiler 5.06 update 6 (build 750) Tool: armlink [4d35ed]

==============================================================================

Section Cross References

    main.o(i.BLUE_thread) refers to led.o(i.BLUE_toggle) for BLUE_toggle
    main.o(i.BLUE_thread) refers to rt_cmsis.o(i.osDelay) for osDelay
    main.o(i.GREEN_thread) refers to led.o(i.GREEN_toggle) for GREEN_toggle
    main.o(i.GREEN_thread) refers to rt_cmsis.o(i.osDelay) for osDelay
    main.o(i.RED_thread) refers to led.o(i.RED_toggle) for RED_toggle
    main.o(i.RED_thread) refers to rt_cmsis.o(i.osDelay) for osDelay
    main.o(i.main) refers to led.o(i.LED_Init) for LED_Init
    main.o(i.main) refers to rt_cmsis.o(i.osThreadCreate) for osThreadCreate
    main.o(i.main) refers to main.o(.constdata) for os_thread_def_RED_thread
    main.o(.constdata) refers to main.o(i.RED_thread) for RED_thread
    main.o(.constdata) refers to main.o(i.BLUE_thread) for BLUE_thread
    main.o(.constdata) refers to main.o(i.GREEN_thread) for GREEN_thread
    rtx_conf_cm.o(.emb_text) refers to rt_cmsis.o(i.osKernelInitialize) for osKernelInitialize
    rtx_conf_cm.o(.emb_text) refers to rt_cmsis.o(i.osThreadCreate) for osThreadCreate
    rtx_conf_cm.o(.emb_text) refers to rt_cmsis.o(i.osKernelStart) for osKernelStart
    rtx_conf_cm.o(.emb_text) refers to exit.o(.text) for exit
    rtx_conf_cm.o(.emb_text) refers to rtx_conf_cm.o(.constdata) for os_thread_def_main
    rtx_conf_cm.o(i.__user_perthread_libspace) refers to rt_task.o(i.rt_tsk_self) for rt_tsk_self
    rtx_conf_cm.o(i.__user_perthread_libspace) refers to rt_cmsis.o(.data) for os_running
    rtx_conf_cm.o(i.__user_perthread_libspace) refers to rtx_conf_cm.o(.bss) for .bss
    rtx_conf_cm.o(i.__user_perthread_libspace) refers to libspace.o(.bss) for __libspace_start
    rtx_conf_cm.o(i._mutex_acquire) refers to rt_cmsis.o(.data) for os_running
    rtx_conf_cm.o(i._mutex_acquire) refers to rt_mutex.o(i.rt_mut_wait) for rt_mut_wait
    rtx_conf_cm.o(i._mutex_initialize) refers to rt_mutex.o(i.rt_mut_init) for rt_mut_init
    rtx_conf_cm.o(i._mutex_initialize) refers to rtx_conf_cm.o(.data) for .data
    rtx_conf_cm.o(i._mutex_initialize) refers to rtx_conf_cm.o(.bss) for .bss
    rtx_conf_cm.o(i._mutex_release) refers to rt_cmsis.o(.data) for os_running
    rtx_conf_cm.o(i._mutex_release) refers to rt_mutex.o(i.rt_mut_release) for rt_mut_release
    rtx_conf_cm.o(.constdata) refers to rt_cmsis.o(i.osTimerThread) for osTimerThread
    rtx_conf_cm.o(.constdata) refers to rtx_conf_cm.o(.bss) for os_messageQ_q_osTimerMessageQ
    rtx_conf_cm.o(.constdata) refers to main.o(i.main) for main
    startup_stm32f411xe.o(STACK) refers (Special) to heapauxi.o(.text) for __use_two_region_memory
    startup_stm32f411xe.o(HEAP) refers (Special) to heapauxi.o(.text) for __use_two_region_memory
    startup_stm32f411xe.o(RESET) refers (Special) to heapauxi.o(.text) for __use_two_region_memory
    startup_stm32f411xe.o(RESET) refers to startup_stm32f411xe.o(STACK) for __initial_sp
    startup_stm32f411xe.o(RESET) refers to startup_stm32f411xe.o(.text) for Reset_Handler
    startup_stm32f411xe.o(RESET) refers to hal_cm4.o(.emb_text) for SVC_Handler
    startup_stm32f411xe.o(.text) refers (Special) to heapauxi.o(.text) for __use_two_region_memory
    startup_stm32f411xe.o(.text) refers to system_stm32f4xx.o(i.SystemInit) for SystemInit
    startup_stm32f411xe.o(.text) refers to __main.o(!!!main) for __main
    startup_stm32f411xe.o(.text) refers to startup_stm32f411xe.o(HEAP) for Heap_Mem
    startup_stm32f411xe.o(.text) refers to startup_stm32f411xe.o(STACK) for Stack_Mem
    system_stm32f4xx.o(i.SystemCoreClockUpdate) refers to system_stm32f4xx.o(.data) for SystemCoreClock
    system_stm32f4xx.o(i.SystemCoreClockUpdate) refers to system_stm32f4xx.o(.constdata) for AHBPrescTable
    rt_cmsis.o(i.isrMessageGet) refers to rt_mailbox.o(i.isr_mbx_receive) for isr_mbx_receive
    rt_cmsis.o(i.isrMessagePut) refers to rt_mailbox.o(i.rt_mbx_check) for rt_mbx_check
    rt_cmsis.o(i.isrMessagePut) refers to rt_mailbox.o(i.isr_mbx_send) for isr_mbx_send
    rt_cmsis.o(i.isrSemaphoreRelease) refers to rt_cmsis.o(i.rt_id2obj) for rt_id2obj
    rt_cmsis.o(i.isrSemaphoreRelease) refers to rt_semaphore.o(i.isr_sem_send) for isr_sem_send
    rt_cmsis.o(i.isrSignalSet) refers to rt_cmsis.o(i.rt_tid2ptcb) for rt_tid2ptcb
    rt_cmsis.o(i.isrSignalSet) refers to rt_event.o(i.isr_evt_set) for isr_evt_set
    rt_cmsis.o(i.osDelay) refers to rt_cmsis.o(i.svcDelay) for svcDelay
    rt_cmsis.o(i.osKernelInitialize) refers to rt_cmsis.o(i.svcKernelInitialize) for svcKernelInitialize
    rt_cmsis.o(i.osKernelRunning) refers to rt_cmsis.o(i.svcKernelRunning) for svcKernelRunning
    rt_cmsis.o(i.osKernelRunning) refers to rt_cmsis.o(.data) for .data
    rt_cmsis.o(i.osKernelStart) refers to rtx_conf_cm.o(.constdata) for os_flags
    rt_cmsis.o(i.osKernelStart) refers to rt_cmsis.o(i.svcKernelStart) for svcKernelStart
[...]
    libshutdown.o(.ARM.Collect$$libshutdown$$00000000) refers (Special) to libshutdown2.o(.ARM.Collect$$libshutdown$$00000010) for __rt_lib_shutdown_return
    libshutdown.o(.ARM.Collect$$libshutdown$$00000000) refers (Special) to libshutdown2.o(.ARM.Collect$$libshutdown$$0000000A) for __rt_lib_shutdown_signal_1
    libshutdown.o(.ARM.Collect$$libshutdown$$00000000) refers (Special) to libshutdown2.o(.ARM.Collect$$libshutdown$$00000004) for __rt_lib_shutdown_stdio_1
    libshutdown.o(.ARM.Collect$$libshutdown$$00000000) refers (Special) to libshutdown2.o(.ARM.Collect$$libshutdown$$0000000C) for __rt_lib_shutdown_user_alloc_1
    rt_raise.o(.text) refers to __raise.o(.text) for __raise
    rt_raise.o(.text) refers to sys_exit.o(.text) for _sys_exit
    defsig_exit.o(.text) refers to sys_exit.o(.text) for _sys_exit
    defsig_fpe_inner.o(.text) refers to defsig_general.o(.text) for __default_signal_display
    libinit2.o(.ARM.Collect$$libinit$$00000001) refers to fpinit.o(x$fpl$fpinit) for _fp_init
    libinit2.o(.ARM.Collect$$libinit$$00000010) refers to libinit2.o(.ARM.Collect$$libinit$$0000000F) for .ARM.Collect$$libinit$$0000000F
    libinit2.o(.ARM.Collect$$libinit$$00000012) refers to libinit2.o(.ARM.Collect$$libinit$$0000000F) for .ARM.Collect$$libinit$$0000000F
    libinit2.o(.ARM.Collect$$libinit$$00000014) refers to libinit2.o(.ARM.Collect$$libinit$$0000000F) for .ARM.Collect$$libinit$$0000000F
    libinit2.o(.ARM.Collect$$libinit$$00000016) refers to libinit2.o(.ARM.Collect$$libinit$$0000000F) for .ARM.Collect$$libinit$$0000000F
    libinit2.o(.ARM.Collect$$libinit$$00000018) refers to libinit2.o(.ARM.Collect$$libinit$$0000000F) for .ARM.Collect$$libinit$$0000000F
    libinit2.o(.ARM.Collect$$libinit$$00000026) refers to argv_veneer.o(.emb_text) for __ARM_argv_veneer
    libinit2.o(.ARM.Collect$$libinit$$00000027) refers to argv_veneer.o(.emb_text) for __ARM_argv_veneer
    __raise.o(.text) refers to defsig.o(CL$$defsig) for __default_signal_handler
    defsig_general.o(.text) refers to sys_wrch.o(.text) for _ttywrch
    argv_veneer.o(.emb_text) refers to no_argv.o(.text) for __ARM_get_argv
    sys_wrch.o(.text) refers (Special) to use_no_semi.o(.text) for __I$use$semihosting
    sys_wrch.o(.text) refers (Special) to indicate_semi.o(.text) for __semihosting_library_function
    defsig.o(CL$$defsig) refers to defsig_fpe_inner.o(.text) for __rt_SIGFPE_inner
    defsig.o(CL$$defsig) refers to defsig_rtmem_inner.o(.text) for __rt_SIGRTMEM_inner
    _get_argv_nomalloc.o(.text) refers (Special) to hrguard.o(.text) for __heap_region$guard
    _get_argv_nomalloc.o(.text) refers to defsig_rtmem_outer.o(.text) for __rt_SIGRTMEM
    _get_argv_nomalloc.o(.text) refers to sys_command.o(.text) for _sys_command_string
    sys_command.o(.text) refers (Special) to use_no_semi.o(.text) for __I$use$semihosting
    sys_command.o(.text) refers (Special) to indicate_semi.o(.text) for __semihosting_library_function
    defsig_abrt_inner.o(.text) refers to defsig_general.o(.text) for __default_signal_display
    defsig_rtred_inner.o(.text) refers to defsig_general.o(.text) for __default_signal_display
    defsig_rtmem_inner.o(.text) refers to defsig_general.o(.text) for __default_signal_display
    defsig_rtmem_outer.o(.text) refers to defsig_rtmem_inner.o(.text) for __rt_SIGRTMEM_inner
    defsig_rtmem_outer.o(.text) refers to defsig_exit.o(.text) for __sig_exit
    defsig_rtmem_formal.o(.text) refers to rt_raise.o(.text) for __rt_raise
    defsig_stak_inner.o(.text) refers to defsig_general.o(.text) for __default_signal_display
    defsig_pvfn_inner.o(.text) refers to defsig_general.o(.text) for __default_signal_display
    defsig_cppl_inner.o(.text) refers to defsig_general.o(.text) for __default_signal_display
    defsig_segv_inner.o(.text) refers to defsig_general.o(.text) for __default_signal_display
    defsig_other.o(.text) refers to defsig_general.o(.text) for __default_signal_display


==============================================================================

Removing Unused input sections from the image.

    Removing main.o(.rev16_text), (4 bytes).
    Removing main.o(.revsh_text), (4 bytes).
    Removing main.o(.rrx_text), (6 bytes).
    Removing led.o(.rev16_text), (4 bytes).
    Removing led.o(.revsh_text), (4 bytes).
    Removing led.o(.rrx_text), (6 bytes).
    Removing rtx_conf_cm.o(i.__user_perthread_libspace), (44 bytes).
    Removing rtx_conf_cm.o(i._mutex_initialize), (44 bytes).
    Removing system_stm32f4xx.o(.rev16_text), (4 bytes).
    Removing system_stm32f4xx.o(.revsh_text), (4 bytes).
    Removing system_stm32f4xx.o(.rrx_text), (6 bytes).
    Removing system_stm32f4xx.o(i.SystemCoreClockUpdate), (192 bytes).
    Removing system_stm32f4xx.o(.constdata), (24 bytes).
    Removing system_stm32f4xx.o(.data), (4 bytes).
    Removing rt_cmsis.o(.rev16_text), (4 bytes).
    Removing rt_cmsis.o(.revsh_text), (4 bytes).
    Removing rt_cmsis.o(.rrx_text), (6 bytes).
    Removing rt_cmsis.o(i.isrSemaphoreRelease), (40 bytes).
    Removing rt_cmsis.o(i.isrSignalSet), (36 bytes).
    Removing rt_cmsis.o(i.osKernelRunning), (36 bytes).
    Removing rt_cmsis.o(i.osKernelSysTick), (24 bytes).
    Removing rt_cmsis.o(i.osMailAlloc), (28 bytes).
    Removing rt_cmsis.o(i.osMailCAlloc), (48 bytes).
    Removing rt_cmsis.o(i.osMailCreate), (44 bytes).
    Removing rt_cmsis.o(i.osMailFree), (28 bytes).
    Removing rt_cmsis.o(i.osMailGet), (22 bytes).
    Removing rt_cmsis.o(i.osMailPut), (20 bytes).
    Removing rt_cmsis.o(i.osMessageCreate), (44 bytes).
    Removing rt_cmsis.o(i.osMessagePut), (24 bytes).
    Removing rt_cmsis.o(i.osMutexCreate), (44 bytes).
    Removing rt_cmsis.o(i.osMutexDelete), (24 bytes).
    Removing rt_cmsis.o(i.osMutexRelease), (24 bytes).
    Removing rt_cmsis.o(i.osMutexWait), (24 bytes).
    Removing rt_cmsis.o(i.osPoolAlloc), (32 bytes).
    Removing rt_cmsis.o(i.osPoolCAlloc), (52 bytes).
    Removing rt_cmsis.o(i.osPoolCreate), (44 bytes).
    Removing rt_cmsis.o(i.osPoolFree), (32 bytes).
    Removing rt_cmsis.o(i.osSemaphoreCreate), (44 bytes).
    Removing rt_cmsis.o(i.osSemaphoreDelete), (24 bytes).
    Removing rt_cmsis.o(i.osSemaphoreRelease), (24 bytes).
    Removing rt_cmsis.o(i.osSemaphoreWait), (24 bytes).
    Removing rt_cmsis.o(i.osSignalClear), (24 bytes).
    Removing rt_cmsis.o(i.osSignalSet), (24 bytes).
    Removing rt_cmsis.o(i.osSignalWait), (24 bytes).
    Removing rt_cmsis.o(i.osThreadGetId), (24 bytes).
    Removing rt_cmsis.o(i.osThreadGetPriority), (24 bytes).
    Removing rt_cmsis.o(i.osThreadSetPriority), (24 bytes).
    Removing rt_cmsis.o(i.osThreadTerminate), (24 bytes).
    Removing rt_cmsis.o(i.osThreadYield), (24 bytes).
    Removing rt_cmsis.o(i.osTimerCreate), (44 bytes).
    Removing rt_cmsis.o(i.osTimerDelete), (24 bytes).
    Removing rt_cmsis.o(i.osTimerStart), (24 bytes).
    Removing rt_cmsis.o(i.osTimerStop), (24 bytes).
    Removing rt_cmsis.o(i.osWait), (4 bytes).
    Removing rt_cmsis.o(i.os_resume), (12 bytes).
    Removing rt_cmsis.o(i.os_suspend), (12 bytes).
    Removing rt_cmsis.o(i.rt_clr_box), (24 bytes).
    Removing rt_cmsis.o(i.rt_timer_remove), (60 bytes).
    Removing rt_cmsis.o(i.svcKernelRunning), (12 bytes).
    Removing rt_cmsis.o(i.svcKernelSysTick), (56 bytes).
    Removing rt_cmsis.o(i.svcMailCreate), (66 bytes).
    Removing rt_cmsis.o(i.svcMessagePut), (54 bytes).
    Removing rt_cmsis.o(i.svcMutexCreate), (28 bytes).
    Removing rt_cmsis.o(i.svcMutexDelete), (26 bytes).
    Removing rt_cmsis.o(i.svcMutexRelease), (34 bytes).
    Removing rt_cmsis.o(i.svcMutexWait), (58 bytes).
    Removing rt_cmsis.o(i.svcPoolCreate), (40 bytes).
    Removing rt_cmsis.o(i.svcSemaphoreCreate), (36 bytes).
    Removing rt_cmsis.o(i.svcSemaphoreDelete), (26 bytes).
    Removing rt_cmsis.o(i.svcSemaphoreRelease), (40 bytes).
    Removing rt_cmsis.o(i.svcSemaphoreWait), (50 bytes).
    Removing rt_cmsis.o(i.svcSignalClear), (36 bytes).
    Removing rt_cmsis.o(i.svcSignalSet), (36 bytes).
    Removing rt_cmsis.o(i.svcSignalWait), (84 bytes).
    Removing rt_cmsis.o(i.svcThreadGetPriority), (18 bytes).
    Removing rt_cmsis.o(i.svcThreadSetPriority), (46 bytes).
    Removing rt_cmsis.o(i.svcThreadYield), (10 bytes).
    Removing rt_cmsis.o(i.svcTimerCreate), (56 bytes).
    Removing rt_cmsis.o(i.svcTimerDelete), (40 bytes).
    Removing rt_cmsis.o(i.svcTimerStart), (100 bytes).
    Removing rt_cmsis.o(i.svcTimerStop), (36 bytes).
    Removing rt_cmsis.o(i.sysMailAlloc), (88 bytes).
    Removing rt_cmsis.o(i.sysMailFree), (96 bytes).
    Removing rt_cmsis.o(i.sysPoolAlloc), (10 bytes).
    Removing rt_cmsis.o(i.sysPoolFree), (20 bytes).
    Removing rt_cmsis.o(i.sysUserTimerUpdate), (48 bytes).
    Removing rt_cmsis.o(i.sysUserTimerWakeupTime), (20 bytes).
    Removing rt_task.o(i.rt_tsk_pass), (48 bytes).
    Removing rt_mutex.o(i.rt_mut_delete), (176 bytes).
    Removing rt_mutex.o(i.rt_mut_init), (16 bytes).
    Removing rt_system.o(.emb_text), (0 bytes).
    Removing rt_system.o(i.os_tick_ovf), (16 bytes).
    Removing rt_system.o(i.os_tick_val), (20 bytes).
    Removing rt_system.o(i.rt_resume), (136 bytes).
    Removing rt_system.o(i.rt_suspend), (36 bytes).
    Removing rt_system.o(i.rt_tsk_lock), (80 bytes).
    Removing rt_system.o(i.rt_tsk_unlock), (80 bytes).
    Removing rt_event.o(i.isr_evt_set), (40 bytes).
    Removing rt_event.o(i.rt_evt_clr), (28 bytes).
    Removing rt_event.o(i.rt_evt_get), (12 bytes).
    Removing rt_event.o(i.rt_evt_set), (92 bytes).
    Removing rt_event.o(i.rt_evt_wait), (60 bytes).
    Removing rt_list.o(i.rt_get_same_rdy_prio), (36 bytes).
    Removing rt_mailbox.o(i.rt_mbx_send), (152 bytes).
    Removing rt_semaphore.o(i.isr_sem_send), (16 bytes).
    Removing rt_semaphore.o(i.rt_sem_delete), (92 bytes).
    Removing rt_semaphore.o(i.rt_sem_init), (12 bytes).
    Removing rt_semaphore.o(i.rt_sem_send), (42 bytes).
    Removing rt_semaphore.o(i.rt_sem_wait), (64 bytes).
    Removing rt_time.o(i.rt_itv_set), (24 bytes).
    Removing rt_time.o(i.rt_itv_wait), (40 bytes).
    Removing rt_time.o(i.rt_time_get), (12 bytes).
    Removing rt_membox.o(i._calloc_box), (30 bytes).

113 unused section(s) (total 4200 bytes) removed from the image.

==============================================================================

Image Symbol Table

    Local Symbols

    Symbol Name                              Value     Ov Type        Size  Object(Section)

    ../clib/angel/boardlib.s                 0x00000000   Number         0  boardinit1.o ABSOLUTE
    ../clib/angel/boardlib.s                 0x00000000   Number         0  boardinit2.o ABSOLUTE
    ../clib/angel/boardlib.s                 0x00000000   Number         0  boardshut.o ABSOLUTE
    ../clib/angel/handlers.s                 0x00000000   Number         0  __scatter_copy.o ABSOLUTE
    ../clib/angel/handlers.s                 0x00000000   Number         0  __scatter_zi.o ABSOLUTE
    ../clib/angel/kernel.s                   0x00000000   Number         0  rtexit2.o ABSOLUTE
    ../clib/angel/kernel.s                   0x00000000   Number         0  __rtentry4.o ABSOLUTE
    ../clib/angel/kernel.s                   0x00000000   Number         0  __rtentry2.o ABSOLUTE
    ../clib/angel/kernel.s                   0x00000000   Number         0  rtexit.o ABSOLUTE
    ../clib/angel/kernel.s                   0x00000000   Number         0  __rtentry.o ABSOLUTE
    ../clib/angel/rt.s                       0x00000000   Number         0  rt_raise.o ABSOLUTE
    ../clib/angel/rt.s                       0x00000000   Number         0  rt_div0.o ABSOLUTE
    ../clib/angel/rt.s                       0x00000000   Number         0  aeabi_ldiv0_sigfpe.o ABSOLUTE
    ../clib/angel/rt.s                       0x00000000   Number         0  aeabi_ldiv0.o ABSOLUTE
    ../clib/angel/scatter.s                  0x00000000   Number         0  __scatter.o ABSOLUTE
    ../clib/angel/startup.s                  0x00000000   Number         0  __main.o ABSOLUTE
    ../clib/angel/sys.s                      0x00000000   Number         0  indicate_semi.o ABSOLUTE
    ../clib/angel/sys.s                      0x00000000   Number         0  use_no_semi.o ABSOLUTE
    ../clib/angel/sys.s                      0x00000000   Number         0  sys_stackheap_outer.o ABSOLUTE
    ../clib/angel/sys.s                      0x00000000   Number         0  libspace.o ABSOLUTE
    ../clib/angel/sysapp.c                   0x00000000   Number         0  sys_command.o ABSOLUTE
    ../clib/angel/sysapp.c                   0x00000000   Number         0  sys_exit.o ABSOLUTE
    ../clib/angel/sysapp.c                   0x00000000   Number         0  sys_wrch.o ABSOLUTE
    ../clib/armsys.c                         0x00000000   Number         0  argv_veneer.o ABSOLUTE
    ../clib/armsys.c                         0x00000000   Number         0  argv_veneer.o ABSOLUTE
    ../clib/armsys.c                         0x00000000   Number         0  _get_argv_nomalloc.o ABSOLUTE
    ../clib/armsys.c                         0x00000000   Number         0  no_argv.o ABSOLUTE
    ../clib/heapalloc.c                      0x00000000   Number         0  hrguard.o ABSOLUTE
    ../clib/heapaux.c                        0x00000000   Number         0  heapauxi.o ABSOLUTE
    ../clib/libinit.s                        0x00000000   Number         0  libshutdown.o ABSOLUTE
    ../clib/libinit.s                        0x00000000   Number         0  libinit.o ABSOLUTE
    ../clib/libinit.s                        0x00000000   Number         0  libinit2.o ABSOLUTE
    ../clib/libinit.s                        0x00000000   Number         0  libshutdown2.o ABSOLUTE
    ../clib/longlong.s                       0x00000000   Number         0  lludivv7m.o ABSOLUTE
    ../clib/signal.c                         0x00000000   Number         0  defsig_exit.o ABSOLUTE
    ../clib/signal.c                         0x00000000   Number         0  defsig_other.o ABSOLUTE
    ../clib/signal.c                         0x00000000   Number         0  defsig_segv_inner.o ABSOLUTE
    ../clib/signal.c                         0x00000000   Number         0  defsig_cppl_inner.o ABSOLUTE
    ../clib/signal.c                         0x00000000   Number         0  defsig_general.o ABSOLUTE
    ../clib/signal.c                         0x00000000   Number         0  __raise.o ABSOLUTE
    ../clib/signal.c                         0x00000000   Number         0  defsig_stak_inner.o ABSOLUTE
    ../clib/signal.c                         0x00000000   Number         0  defsig_rtmem_formal.o ABSOLUTE
    ../clib/signal.c                         0x00000000   Number         0  defsig_rtmem_inner.o ABSOLUTE
    ../clib/signal.c                         0x00000000   Number         0  defsig_rtred_inner.o ABSOLUTE
    ../clib/signal.c                         0x00000000   Number         0  defsig_abrt_inner.o ABSOLUTE
    ../clib/signal.c                         0x00000000   Number         0  defsig_fpe_inner.o ABSOLUTE
    ../clib/signal.c                         0x00000000   Number         0  defsig_fpe_formal.o ABSOLUTE
    ../clib/signal.c                         0x00000000   Number         0  defsig_fpe_outer.o ABSOLUTE
    ../clib/signal.c                         0x00000000   Number         0  defsig_pvfn_inner.o ABSOLUTE
    ../clib/signal.c                         0x00000000   Number         0  defsig_rtmem_outer.o ABSOLUTE
    ../clib/signal.s                         0x00000000   Number         0  defsig.o ABSOLUTE
    ../clib/stdlib.c                         0x00000000   Number         0  exit.o ABSOLUTE
    ../fplib/fpinit.s                        0x00000000   Number         0  fpinit.o ABSOLUTE
    ..\HAL_CM.c                              0x00000000   Number         0  hal_cm.o ABSOLUTE
    ..\\rt_CMSIS.c                           0x00000000   Number         0  rt_cmsis.o ABSOLUTE
    ..\\rt_System.c                          0x00000000   Number         0  rt_system.o ABSOLUTE
    ..\rt_CMSIS.c                            0x00000000   Number         0  rt_cmsis.o ABSOLUTE
    ..\rt_Event.c                            0x00000000   Number         0  rt_event.o ABSOLUTE
    ..\rt_List.c                             0x00000000   Number         0  rt_list.o ABSOLUTE
    ..\rt_Mailbox.c                          0x00000000   Number         0  rt_mailbox.o ABSOLUTE
    ..\rt_MemBox.c                           0x00000000   Number         0  rt_membox.o ABSOLUTE
    ..\rt_Memory.c                           0x00000000   Number         0  rt_memory.o ABSOLUTE
    ..\rt_Mutex.c                            0x00000000   Number         0  rt_mutex.o ABSOLUTE
    ..\rt_Robin.c                            0x00000000   Number         0  rt_robin.o ABSOLUTE
    ..\rt_Semaphore.c                        0x00000000   Number         0  rt_semaphore.o ABSOLUTE
    ..\rt_System.c                           0x00000000   Number         0  rt_system.o ABSOLUTE
    ..\rt_Task.c                             0x00000000   Number         0  rt_task.o ABSOLUTE
    ..\rt_Time.c                             0x00000000   Number         0  rt_time.o ABSOLUTE
    HAL_CM4.c                                0x00000000   Number         0  hal_cm4.o ABSOLUTE
    HAL_CM4.c                                0x00000000   Number         0  hal_cm4.o ABSOLUTE
    RTE\CMSIS\RTX_Conf_CM.c                  0x00000000   Number         0  rtx_conf_cm.o ABSOLUTE
    RTE\Device\STM32F411VETx\startup_stm32f411xe.s 0x00000000   Number         0  startup_stm32f411xe.o ABSOLUTE
    RTE\Device\STM32F411VETx\system_stm32f4xx.c 0x00000000   Number         0  system_stm32f4xx.o ABSOLUTE
    RTE\\CMSIS\\RTX_Conf_CM.c                0x00000000   Number         0  rtx_conf_cm.o ABSOLUTE
    RTE\\Device\\STM32F411VETx\\system_stm32f4xx.c 0x00000000   Number         0  system_stm32f4xx.o ABSOLUTE
    SVC_Table.s                              0x00000000   Number         0  svc_table.o ABSOLUTE
    dc.s                                     0x00000000   Number         0  dc.o ABSOLUTE
    led.c                                    0x00000000   Number         0  led.o ABSOLUTE
    led.c                                    0x00000000   Number         0  led.o ABSOLUTE
    main.c                                   0x00000000   Number         0  main.o ABSOLUTE
    main.c                                   0x00000000   Number         0  main.o ABSOLUTE
    RESET                                    0x08000000   Section      408  startup_stm32f411xe.o(RESET)
    !!!main                                  0x08000198   Section        8  __main.o(!!!main)
    !!!scatter                               0x080001a0   Section       52  __scatter.o(!!!scatter)
    !!handler_copy                           0x080001d4   Section       26  __scatter_copy.o(!!handler_copy)
    !!handler_zi                             0x080001f0   Section       28  __scatter_zi.o(!!handler_zi)
    .ARM.Collect$$libinit$$00000000          0x0800020c   Section        2  libinit.o(.ARM.Collect$$libinit$$00000000)
    .ARM.Collect$$libinit$$00000001          0x0800020e   Section        4  libinit2.o(.ARM.Collect$$libinit$$00000001)
    .ARM.Collect$$libinit$$00000004          0x08000212   Section        0  libinit2.o(.ARM.Collect$$libinit$$00000004)
    .ARM.Collect$$libinit$$0000000A          0x08000212   Section        0  libinit2.o(.ARM.Collect$$libinit$$0000000A)
    .ARM.Collect$$libinit$$0000000C          0x08000212   Section        0  libinit2.o(.ARM.Collect$$libinit$$0000000C)
    .ARM.Collect$$libinit$$0000000E          0x08000212   Section        0  libinit2.o(.ARM.Collect$$libinit$$0000000E)
    .ARM.Collect$$libinit$$00000011          0x08000212   Section        0  libinit2.o(.ARM.Collect$$libinit$$00000011)
    .ARM.Collect$$libinit$$00000013          0x08000212   Section        0  libinit2.o(.ARM.Collect$$libinit$$00000013)
    .ARM.Collect$$libinit$$00000015          0x08000212   Section        0  libinit2.o(.ARM.Collect$$libinit$$00000015)
    .ARM.Collect$$libinit$$00000017          0x08000212   Section        0  libinit2.o(.ARM.Collect$$libinit$$00000017)
    .ARM.Collect$$libinit$$00000019          0x08000212   Section        0  libinit2.o(.ARM.Collect$$libinit$$00000019)
    .ARM.Collect$$libinit$$0000001B          0x08000212   Section        0  libinit2.o(.ARM.Collect$$libinit$$0000001B)
    .ARM.Collect$$libinit$$0000001D          0x08000212   Section        0  libinit2.o(.ARM.Collect$$libinit$$0000001D)
    .ARM.Collect$$libinit$$0000001F          0x08000212   Section        0  libinit2.o(.ARM.Collect$$libinit$$0000001F)
    .ARM.Collect$$libinit$$00000021          0x08000212   Section        0  libinit2.o(.ARM.Collect$$libinit$$00000021)
    .ARM.Collect$$libinit$$00000023          0x08000212   Section        0  libinit2.o(.ARM.Collect$$libinit$$00000023)
    .ARM.Collect$$libinit$$00000025          0x08000212   Section        0  libinit2.o(.ARM.Collect$$libinit$$00000025)
    .ARM.Collect$$libinit$$0000002C          0x08000212   Section        0  libinit2.o(.ARM.Collect$$libinit$$0000002C)
    .ARM.Collect$$libinit$$0000002E          0x08000212   Section        0  libinit2.o(.ARM.Collect$$libinit$$0000002E)
    .ARM.Collect$$libinit$$00000030          0x08000212   Section        0  libinit2.o(.ARM.Collect$$libinit$$00000030)
    .ARM.Collect$$libinit$$00000032          0x08000212   Section        0  libinit2.o(.ARM.Collect$$libinit$$00000032)
    .ARM.Collect$$libinit$$00000033          0x08000212   Section        2  libinit2.o(.ARM.Collect$$libinit$$00000033)
    .ARM.Collect$$libshutdown$$00000000      0x08000214   Section        2  libshutdown.o(.ARM.Collect$$libshutdown$$00000000)
    .ARM.Collect$$libshutdown$$00000002      0x08000216   Section        0  libshutdown2.o(.ARM.Collect$$libshutdown$$00000002)
    .ARM.Collect$$libshutdown$$00000004      0x08000216   Section        0  libshutdown2.o(.ARM.Collect$$libshutdown$$00000004)
    .ARM.Collect$$libshutdown$$00000007      0x08000216   Section        0  libshutdown2.o(.ARM.Collect$$libshutdown$$00000007)
    .ARM.Collect$$libshutdown$$0000000A      0x08000216   Section        0  libshutdown2.o(.ARM.Collect$$libshutdown$$0000000A)
    .ARM.Collect$$libshutdown$$0000000C      0x08000216   Section        0  libshutdown2.o(.ARM.Collect$$libshutdown$$0000000C)
    .ARM.Collect$$libshutdown$$0000000F      0x08000216   Section        0  libshutdown2.o(.ARM.Collect$$libshutdown$$0000000F)
    .ARM.Collect$$libshutdown$$00000010      0x08000216   Section        2  libshutdown2.o(.ARM.Collect$$libshutdown$$00000010)
    .ARM.Collect$$rtentry$$00000000          0x08000218   Section        0  __rtentry.o(.ARM.Collect$$rtentry$$00000000)
    .ARM.Collect$$rtentry$$00000002          0x08000218   Section        0  __rtentry2.o(.ARM.Collect$$rtentry$$00000002)
    .ARM.Collect$$rtentry$$00000004          0x08000218   Section        6  __rtentry4.o(.ARM.Collect$$rtentry$$00000004)
    .ARM.Collect$$rtentry$$00000009          0x0800021e   Section        0  __rtentry2.o(.ARM.Collect$$rtentry$$00000009)
    .ARM.Collect$$rtentry$$0000000A          0x0800021e   Section        4  __rtentry2.o(.ARM.Collect$$rtentry$$0000000A)
    .ARM.Collect$$rtentry$$0000000B          0x08000222   Section        8  __rtentry2.o(.ARM.Collect$$rtentry$$0000000B)
    .ARM.Collect$$rtentry$$0000000D          0x0800022a   Section        8  __rtentry2.o(.ARM.Collect$$rtentry$$0000000D)
    .ARM.Collect$$rtexit$$00000000           0x08000232   Section        2  rtexit.o(.ARM.Collect$$rtexit$$00000000)
    .ARM.Collect$$rtexit$$00000002           0x08000234   Section        0  rtexit2.o(.ARM.Collect$$rtexit$$00000002)
    .ARM.Collect$$rtexit$$00000003           0x08000234   Section        4  rtexit2.o(.ARM.Collect$$rtexit$$00000003)
    .ARM.Collect$$rtexit$$00000004           0x08000238   Section        6  rtexit2.o(.ARM.Collect$$rtexit$$00000004)
    .emb_text                                0x08000240   Section       28  rtx_conf_cm.o(.emb_text)
    $v0                                      0x08000240   Number         0  rtx_conf_cm.o(.emb_text)
    .emb_text                                0x0800025c   Section      408  hal_cm4.o(.emb_text)
    $v0                                      0x0800025c   Number         0  hal_cm4.o(.emb_text)
    .text                                    0x080003f4   Section       64  startup_stm32f411xe.o(.text)
    $v0                                      0x080003f4   Number         0  startup_stm32f411xe.o(.text)
    .text                                    0x08000434   Section        8  libspace.o(.text)
    .text                                    0x0800043c   Section        0  exit.o(.text)
    .text                                    0x0800044e   Section        0  heapauxi.o(.text)
    .text                                    0x08000454   Section        0  sys_exit.o(.text)
    .text                                    0x08000460   Section       74  sys_stackheap_outer.o(.text)
    .text                                    0x080004aa   Section        2  use_no_semi.o(.text)
    .text                                    0x080004ac   Section        0  indicate_semi.o(.text)
    SVC_TABLE                                0x080004ac   Section        4  svc_table.o(SVC_TABLE)
    i.BLUE_thread                            0x080004b0   Section        0  main.o(i.BLUE_thread)
    i.BLUE_toggle                            0x080004c0   Section        0  led.o(i.BLUE_toggle)
    i.GREEN_thread                           0x080004d4   Section        0  main.o(i.GREEN_thread)
    i.GREEN_toggle                           0x080004e4   Section        0  led.o(i.GREEN_toggle)
    i.LED_Init                               0x080004f8   Section        0  led.o(i.LED_Init)
    i.RED_thread                             0x0800051c   Section        0  main.o(i.RED_thread)
    i.RED_toggle                             0x0800052c   Section        0  led.o(i.RED_toggle)
    i.SystemInit                             0x08000540   Section        0  system_stm32f4xx.o(i.SystemInit)
    i._init_box                              0x080005a4   Section        0  rt_membox.o(i._init_box)
    i._mutex_acquire                         0x080005ec   Section        0  rtx_conf_cm.o(i._mutex_acquire)
    __tagsym$$used                           0x080005ed   Number         0  rtx_conf_cm.o(i._mutex_acquire)
    i._mutex_release                         0x0800060c   Section        0  rtx_conf_cm.o(i._mutex_release)
    __tagsym$$used                           0x0800060d   Number         0  rtx_conf_cm.o(i._mutex_release)
    i.dbg_init                               0x08000628   Section        0  hal_cm.o(i.dbg_init)
    i.dbg_task_notify                        0x08000658   Section        0  hal_cm.o(i.dbg_task_notify)
    i.dbg_task_switch                        0x08000678   Section        0  hal_cm.o(i.dbg_task_switch)
    i.isrMessageGet                          0x08000688   Section        0  rt_cmsis.o(i.isrMessageGet)
    i.isrMessagePut                          0x080006b2   Section        0  rt_cmsis.o(i.isrMessagePut)
    i.isr_mbx_receive                        0x080006e0   Section        0  rt_mailbox.o(i.isr_mbx_receive)
    i.isr_mbx_send                           0x08000736   Section        0  rt_mailbox.o(i.isr_mbx_send)
    i.main                                   0x08000744   Section        0  main.o(i.main)
    i.osDelay                                0x08000770   Section        0  rt_cmsis.o(i.osDelay)
    i.osKernelInitialize                     0x08000788   Section        0  rt_cmsis.o(i.osKernelInitialize)
    i.osKernelStart                          0x080007ac   Section        0  rt_cmsis.o(i.osKernelStart)
    i.osMessageGet                           0x08000818   Section        0  rt_cmsis.o(i.osMessageGet)
    i.osThreadCreate                         0x08000830   Section        0  rt_cmsis.o(i.osThreadCreate)
    i.osThreadExit                           0x0800085c   Section        0  rt_cmsis.o(i.osThreadExit)
    i.osTimerCall                            0x08000874   Section        0  rt_cmsis.o(i.osTimerCall)
    i.osTimerThread                          0x08000880   Section        0  rt_cmsis.o(i.osTimerThread)
    i.os_error                               0x080008ac   Section        0  rtx_conf_cm.o(i.os_error)
    i.os_idle_demon                          0x080008ce   Section        0  rtx_conf_cm.o(i.os_idle_demon)
    i.os_tick_init                           0x080008d4   Section        0  rt_system.o(i.os_tick_init)
    i.os_tick_irqack                         0x080008fc   Section        0  rt_system.o(i.os_tick_irqack)
    i.rt_alloc_box                           0x080008fe   Section        0  rt_membox.o(i.rt_alloc_box)
    i.rt_alloc_mem                           0x08000918   Section        0  rt_memory.o(i.rt_alloc_mem)
    i.rt_block                               0x08000958   Section        0  rt_task.o(i.rt_block)
    i.rt_chk_robin                           0x08000990   Section        0  rt_robin.o(i.rt_chk_robin)
    i.rt_dec_dly                             0x080009d8   Section        0  rt_list.o(i.rt_dec_dly)
    i.rt_dispatch                            0x08000a48   Section        0  rt_task.o(i.rt_dispatch)
    i.rt_dly_wait                            0x08000a8c   Section        0  rt_time.o(i.rt_dly_wait)
    i.rt_evt_psh                             0x08000a94   Section        0  rt_event.o(i.rt_evt_psh)
    i.rt_free_box                            0x08000ae4   Section        0  rt_membox.o(i.rt_free_box)
    i.rt_free_mem                            0x08000b10   Section        0  rt_memory.o(i.rt_free_mem)
    i.rt_get_first                           0x08000b38   Section        0  rt_list.o(i.rt_get_first)
    i.rt_id2obj                              0x08000b60   Section        0  rt_cmsis.o(i.rt_id2obj)
    rt_id2obj                                0x08000b61   Thumb Code     8  rt_cmsis.o(i.rt_id2obj)
    i.rt_init_context                        0x08000b68   Section        0  rt_task.o(i.rt_init_context)
    rt_init_context                          0x08000b69   Thumb Code    66  rt_task.o(i.rt_init_context)
    i.rt_init_mem                            0x08000bb0   Section        0  rt_memory.o(i.rt_init_mem)
    i.rt_init_robin                          0x08000bcc   Section        0  rt_robin.o(i.rt_init_robin)
    i.rt_init_stack                          0x08000be4   Section        0  hal_cm.o(i.rt_init_stack)
    i.rt_mbx_check                           0x08000c64   Section        0  rt_mailbox.o(i.rt_mbx_check)
    i.rt_mbx_init                            0x08000c6c   Section        0  rt_mailbox.o(i.rt_mbx_init)
    i.rt_mbx_psh                             0x08000c88   Section        0  rt_mailbox.o(i.rt_mbx_psh)
    i.rt_mbx_wait                            0x08000d78   Section        0  rt_mailbox.o(i.rt_mbx_wait)
    i.rt_ms2tick                             0x08000e2c   Section        0  rt_cmsis.o(i.rt_ms2tick)
    rt_ms2tick                               0x08000e2d   Thumb Code    58  rt_cmsis.o(i.rt_ms2tick)
    i.rt_mut_release                         0x08000e70   Section        0  rt_mutex.o(i.rt_mut_release)
    i.rt_mut_wait                            0x08000f48   Section        0  rt_mutex.o(i.rt_mut_wait)
    i.rt_pop_req                             0x08000fc0   Section        0  rt_system.o(i.rt_pop_req)
    i.rt_psh_req                             0x0800103c   Section        0  rt_system.o(i.rt_psh_req)
    i.rt_psq_enq                             0x0800105c   Section        0  rt_list.o(i.rt_psq_enq)
    i.rt_put_dly                             0x080010b8   Section        0  rt_list.o(i.rt_put_dly)
    i.rt_put_prio                            0x08001100   Section        0  rt_list.o(i.rt_put_prio)
    i.rt_put_rdy_first                       0x08001138   Section        0  rt_list.o(i.rt_put_rdy_first)
    i.rt_resort_prio                         0x0800114c   Section        0  rt_list.o(i.rt_resort_prio)
    i.rt_ret_regs                            0x08001180   Section        0  hal_cm.o(i.rt_ret_regs)
    rt_ret_regs                              0x08001181   Thumb Code    16  hal_cm.o(i.rt_ret_regs)
    i.rt_ret_val                             0x08001190   Section        0  hal_cm.o(i.rt_ret_val)
    i.rt_ret_val2                            0x0800119c   Section        0  hal_cm.o(i.rt_ret_val2)
    i.rt_rmv_dly                             0x080011ac   Section        0  rt_list.o(i.rt_rmv_dly)
    i.rt_rmv_list                            0x080011d4   Section        0  rt_list.o(i.rt_rmv_list)
    i.rt_sem_psh                             0x08001204   Section        0  rt_semaphore.o(i.rt_sem_psh)
    i.rt_stk_check                           0x08001238   Section        0  rt_system.o(i.rt_stk_check)
    i.rt_switch_req                          0x0800125c   Section        0  rt_task.o(i.rt_switch_req)
    i.rt_sys_init                            0x08001284   Section        0  rt_task.o(i.rt_sys_init)
    i.rt_sys_start                           0x08001350   Section        0  rt_task.o(i.rt_sys_start)
    i.rt_systick                             0x080013c8   Section        0  rt_system.o(i.rt_systick)
    i.rt_tid2ptcb                            0x08001408   Section        0  rt_cmsis.o(i.rt_tid2ptcb)
    rt_tid2ptcb                              0x08001409   Thumb Code    18  rt_cmsis.o(i.rt_tid2ptcb)
    i.rt_timer_insert                        0x0800141c   Section        0  rt_cmsis.o(i.rt_timer_insert)
    rt_timer_insert                          0x0800141d   Thumb Code    48  rt_cmsis.o(i.rt_timer_insert)
    i.rt_tsk_create                          0x08001450   Section        0  rt_task.o(i.rt_tsk_create)
    i.rt_tsk_delete                          0x080014d8   Section        0  rt_task.o(i.rt_tsk_delete)
    i.rt_tsk_prio                            0x08001654   Section        0  rt_task.o(i.rt_tsk_prio)
    i.rt_tsk_self                            0x080016d0   Section        0  rt_task.o(i.rt_tsk_self)
    i.svcDelay                               0x080016e0   Section        0  rt_cmsis.o(i.svcDelay)
    i.svcKernelInitialize                    0x080016f4   Section        0  rt_cmsis.o(i.svcKernelInitialize)
    i.svcKernelStart                         0x08001764   Section        0  rt_cmsis.o(i.svcKernelStart)
    i.svcMessageCreate                       0x080017ac   Section        0  rt_cmsis.o(i.svcMessageCreate)
    i.svcMessageGet                          0x080017d0   Section        0  rt_cmsis.o(i.svcMessageGet)
    i.svcThreadCreate                        0x0800180c   Section        0  rt_cmsis.o(i.svcThreadCreate)
    i.svcThreadGetId                         0x08001878   Section        0  rt_cmsis.o(i.svcThreadGetId)
    i.svcThreadTerminate                     0x08001894   Section        0  rt_cmsis.o(i.svcThreadTerminate)
    i.svcTimerCall                           0x080018cc   Section        0  rt_cmsis.o(i.svcTimerCall)
    i.sysTimerTick                           0x080018e4   Section        0  rt_cmsis.o(i.sysTimerTick)
    x$fpl$fpinit                             0x08001940   Section       10  fpinit.o(x$fpl$fpinit)
    $v0                                      0x08001940   Number         0  fpinit.o(x$fpl$fpinit)
    .constdata                               0x0800194c   Section       48  main.o(.constdata)
    .constdata                               0x0800197c   Section      104  rtx_conf_cm.o(.constdata)
    __tagsym$$used                           0x08001998   Number         0  rtx_conf_cm.o(.constdata)
    __tagsym$$used                           0x0800199c   Number         0  rtx_conf_cm.o(.constdata)
    __tagsym$$used                           0x080019a0   Number         0  rtx_conf_cm.o(.constdata)
    __tagsym$$used                           0x080019a4   Number         0  rtx_conf_cm.o(.constdata)
    .data                                    0x20000000   Section       20  rtx_conf_cm.o(.data)
    nr_mutex                                 0x20000010   Data           4  rtx_conf_cm.o(.data)
    .data                                    0x20000014   Section        8  rt_cmsis.o(.data)
    .data                                    0x2000001c   Section        8  rt_task.o(.data)
    .data                                    0x20000024   Section        8  rt_system.o(.data)
    os_lock                                  0x20000024   Data           1  rt_system.o(.data)
    os_psh_flag                              0x20000025   Data           1  rt_system.o(.data)
    pend_flags                               0x20000026   Data           1  rt_system.o(.data)
    .data                                    0x2000002c   Section        4  rt_time.o(.data)
    .data                                    0x20000030   Section        8  rt_robin.o(.data)
    .data                                    0x20000038   Section        1  hal_cm.o(.data)
    .bss                                     0x20000040   Section     3016  rtx_conf_cm.o(.bss)
    std_libspace                             0x200008e8   Data         672  rtx_conf_cm.o(.bss)
    std_libmutex                             0x20000b88   Data         128  rtx_conf_cm.o(.bss)
    .bss                                     0x20000c08   Section       52  rt_task.o(.bss)
    .bss                                     0x20000c3c   Section       48  rt_list.o(.bss)
    .bss                                     0x20000c6c   Section       96  libspace.o(.bss)
    HEAP                                     0x20000cd0   Section      512  startup_stm32f411xe.o(HEAP)
    Heap_Mem                                 0x20000cd0   Data         512  startup_stm32f411xe.o(HEAP)
    STACK                                    0x20000ed0   Section     1024  startup_stm32f411xe.o(STACK)
    Stack_Mem                                0x20000ed0   Data        1024  startup_stm32f411xe.o(STACK)
    __initial_sp                             0x200012d0   Data           0  startup_stm32f411xe.o(STACK)

    Global Symbols

    Symbol Name                              Value     Ov Type        Size  Object(Section)

    BuildAttributes$$THM_ISAv4$E$P$D$K$B$S$7EM$VFPi3$EXTD16$VFPS$VFMA$PE$A:L22UL41UL21$X:L11$S22US41US21$IEEE1$IW$USESV6$~STKCKD$USESV7$~SHL$OSPACE$ROPI$EBA8$UX$STANDARDLIB$REQ8$PRES8$EABIv2 0x00000000   Number         0  anon$$obj.o ABSOLUTE
    __ARM_use_no_argv                        0x00000000   Number         0  main.o ABSOLUTE
    __ARM_exceptions_init                     - Undefined Weak Reference
    __alloca_initialize                       - Undefined Weak Reference
    __arm_preinit_                            - Undefined Weak Reference
    __cpp_initialize__aeabi_                  - Undefined Weak Reference
    __cxa_finalize                            - Undefined Weak Reference
    __rt_locale                               - Undefined Weak Reference
    __sigvec_lookup                           - Undefined Weak Reference
    _atexit_init                              - Undefined Weak Reference
    _call_atexit_fns                          - Undefined Weak Reference
    _clock_init                               - Undefined Weak Reference
    _fp_trap_init                             - Undefined Weak Reference
    _fp_trap_shutdown                         - Undefined Weak Reference
    _get_lc_collate                           - Undefined Weak Reference
    _get_lc_ctype                             - Undefined Weak Reference
    _get_lc_monetary                          - Undefined Weak Reference
    _get_lc_numeric                           - Undefined Weak Reference
    _get_lc_time                              - Undefined Weak Reference
    _getenv_init                              - Undefined Weak Reference
    _handle_redirection                       - Undefined Weak Reference
    _init_alloc                               - Undefined Weak Reference
    _init_user_alloc                          - Undefined Weak Reference
    _initio                                   - Undefined Weak Reference
    _rand_init                                - Undefined Weak Reference
    _signal_finish                            - Undefined Weak Reference
    _signal_init                              - Undefined Weak Reference
    _terminate_alloc                          - Undefined Weak Reference
    _terminate_user_alloc                     - Undefined Weak Reference
    _terminateio                              - Undefined Weak Reference
    __Vectors_Size                           0x00000198   Number         0  startup_stm32f411xe.o ABSOLUTE
    __RL_RTX_VER                             0x00000482   Number         0  rt_system.o ABSOLUTE
    __Vectors                                0x08000000   Data           4  startup_stm32f411xe.o(RESET)
    __Vectors_End                            0x08000198   Data           0  startup_stm32f411xe.o(RESET)
    __main                                   0x08000199   Thumb Code     8  __main.o(!!!main)
    __scatterload                            0x080001a1   Thumb Code     0  __scatter.o(!!!scatter)
    __scatterload_rt2                        0x080001a1   Thumb Code    44  __scatter.o(!!!scatter)
    __scatterload_rt2_thumb_only             0x080001a1   Thumb Code     0  __scatter.o(!!!scatter)
    __scatterload_null                       0x080001af   Thumb Code     0  __scatter.o(!!!scatter)
    __scatterload_copy                       0x080001d5   Thumb Code    26  __scatter_copy.o(!!handler_copy)
    __scatterload_zeroinit                   0x080001f1   Thumb Code    28  __scatter_zi.o(!!handler_zi)
    __rt_lib_init                            0x0800020d   Thumb Code     0  libinit.o(.ARM.Collect$$libinit$$00000000)
    __rt_lib_init_fp_1                       0x0800020f   Thumb Code     0  libinit2.o(.ARM.Collect$$libinit$$00000001)
    __rt_lib_init_alloca_1                   0x08000213   Thumb Code     0  libinit2.o(.ARM.Collect$$libinit$$0000002E)
    __rt_lib_init_argv_1                     0x08000213   Thumb Code     0  libinit2.o(.ARM.Collect$$libinit$$0000002C)
    __rt_lib_init_atexit_1                   0x08000213   Thumb Code     0  libinit2.o(.ARM.Collect$$libinit$$0000001B)
    __rt_lib_init_clock_1                    0x08000213   Thumb Code     0  libinit2.o(.ARM.Collect$$libinit$$00000021)
    __rt_lib_init_cpp_1                      0x08000213   Thumb Code     0  libinit2.o(.ARM.Collect$$libinit$$00000032)
    __rt_lib_init_exceptions_1               0x08000213   Thumb Code     0  libinit2.o(.ARM.Collect$$libinit$$00000030)
    __rt_lib_init_fp_trap_1                  0x08000213   Thumb Code     0  libinit2.o(.ARM.Collect$$libinit$$0000001F)
    __rt_lib_init_getenv_1                   0x08000213   Thumb Code     0  libinit2.o(.ARM.Collect$$libinit$$00000023)
    __rt_lib_init_heap_1                     0x08000213   Thumb Code     0  libinit2.o(.ARM.Collect$$libinit$$0000000A)
    __rt_lib_init_lc_collate_1               0x08000213   Thumb Code     0  libinit2.o(.ARM.Collect$$libinit$$00000011)
    __rt_lib_init_lc_ctype_1                 0x08000213   Thumb Code     0  libinit2.o(.ARM.Collect$$libinit$$00000013)
    __rt_lib_init_lc_monetary_1              0x08000213   Thumb Code     0  libinit2.o(.ARM.Collect$$libinit$$00000015)
    __rt_lib_init_lc_numeric_1               0x08000213   Thumb Code     0  libinit2.o(.ARM.Collect$$libinit$$00000017)
    __rt_lib_init_lc_time_1                  0x08000213   Thumb Code     0  libinit2.o(.ARM.Collect$$libinit$$00000019)
    __rt_lib_init_preinit_1                  0x08000213   Thumb Code     0  libinit2.o(.ARM.Collect$$libinit$$00000004)
    __rt_lib_init_rand_1                     0x08000213   Thumb Code     0  libinit2.o(.ARM.Collect$$libinit$$0000000E)
    __rt_lib_init_return                     0x08000213   Thumb Code     0  libinit2.o(.ARM.Collect$$libinit$$00000033)
    __rt_lib_init_signal_1                   0x08000213   Thumb Code     0  libinit2.o(.ARM.Collect$$libinit$$0000001D)
    __rt_lib_init_stdio_1                    0x08000213   Thumb Code     0  libinit2.o(.ARM.Collect$$libinit$$00000025)
    __rt_lib_init_user_alloc_1               0x08000213   Thumb Code     0  libinit2.o(.ARM.Collect$$libinit$$0000000C)
    __rt_lib_shutdown                        0x08000215   Thumb Code     0  libshutdown.o(.ARM.Collect$$libshutdown$$00000000)
    __rt_lib_shutdown_cpp_1                  0x08000217   Thumb Code     0  libshutdown2.o(.ARM.Collect$$libshutdown$$00000002)
    __rt_lib_shutdown_fp_trap_1              0x08000217   Thumb Code     0  libshutdown2.o(.ARM.Collect$$libshutdown$$00000007)
    __rt_lib_shutdown_heap_1                 0x08000217   Thumb Code     0  libshutdown2.o(.ARM.Collect$$libshutdown$$0000000F)
    __rt_lib_shutdown_return                 0x08000217   Thumb Code     0  libshutdown2.o(.ARM.Collect$$libshutdown$$00000010)
    __rt_lib_shutdown_signal_1               0x08000217   Thumb Code     0  libshutdown2.o(.ARM.Collect$$libshutdown$$0000000A)
    __rt_lib_shutdown_stdio_1                0x08000217   Thumb Code     0  libshutdown2.o(.ARM.Collect$$libshutdown$$00000004)
    __rt_lib_shutdown_user_alloc_1           0x08000217   Thumb Code     0  libshutdown2.o(.ARM.Collect$$libshutdown$$0000000C)
    __rt_entry                               0x08000219   Thumb Code     0  __rtentry.o(.ARM.Collect$$rtentry$$00000000)
    __rt_entry_presh_1                       0x08000219   Thumb Code     0  __rtentry2.o(.ARM.Collect$$rtentry$$00000002)
    __rt_entry_sh                            0x08000219   Thumb Code     0  __rtentry4.o(.ARM.Collect$$rtentry$$00000004)
    __rt_entry_li                            0x0800021f   Thumb Code     0  __rtentry2.o(.ARM.Collect$$rtentry$$0000000A)
    __rt_entry_postsh_1                      0x0800021f   Thumb Code     0  __rtentry2.o(.ARM.Collect$$rtentry$$00000009)
    __rt_entry_postli_1                      0x08000223   Thumb Code     0  __rtentry2.o(.ARM.Collect$$rtentry$$0000000B)
    __rt_entry_main                          0x0800022b   Thumb Code     0  __rtentry2.o(.ARM.Collect$$rtentry$$0000000D)
    __rt_exit                                0x08000233   Thumb Code     0  rtexit.o(.ARM.Collect$$rtexit$$00000000)
    __rt_exit_ls                             0x08000235   Thumb Code     0  rtexit2.o(.ARM.Collect$$rtexit$$00000003)
    __rt_exit_prels_1                        0x08000235   Thumb Code     0  rtexit2.o(.ARM.Collect$$rtexit$$00000002)
    __rt_exit_exit                           0x08000239   Thumb Code     0  rtexit2.o(.ARM.Collect$$rtexit$$00000004)
    _platform_post_lib_init                  0x08000241   Thumb Code    24  rtx_conf_cm.o(.emb_text)
    rt_set_PSP                               0x0800025d   Thumb Code     6  hal_cm4.o(.emb_text)
    rt_get_PSP                               0x08000263   Thumb Code     6  hal_cm4.o(.emb_text)
    os_set_env                               0x08000269   Thumb Code    24  hal_cm4.o(.emb_text)
    _alloc_box                               0x08000285   Thumb Code    28  hal_cm4.o(.emb_text)
    _free_box                                0x080002a5   Thumb Code    28  hal_cm4.o(.emb_text)
    SVC_Handler                              0x080002c5   Thumb Code   168  hal_cm4.o(.emb_text)
    PendSV_Handler                           0x0800037d   Thumb Code    96  hal_cm4.o(.emb_text)
    SysTick_Handler                          0x080003e1   Thumb Code     8  hal_cm4.o(.emb_text)
    OS_Tick_Handler                          0x080003e9   Thumb Code    12  hal_cm4.o(.emb_text)
    Reset_Handler                            0x080003f5   Thumb Code     8  startup_stm32f411xe.o(.text)
    NMI_Handler                              0x080003fd   Thumb Code     2  startup_stm32f411xe.o(.text)
    HardFault_Handler                        0x080003ff   Thumb Code     2  startup_stm32f411xe.o(.text)
    MemManage_Handler                        0x08000401   Thumb Code     2  startup_stm32f411xe.o(.text)
    BusFault_Handler                         0x08000403   Thumb Code     2  startup_stm32f411xe.o(.text)
    UsageFault_Handler                       0x08000405   Thumb Code     2  startup_stm32f411xe.o(.text)
    DebugMon_Handler                         0x08000409   Thumb Code     2  startup_stm32f411xe.o(.text)
    ADC_IRQHandler                           0x0800040f   Thumb Code     0  startup_stm32f411xe.o(.text)
    DMA1_Stream0_IRQHandler                  0x0800040f   Thumb Code     0  startup_stm32f411xe.o(.text)
    DMA1_Stream1_IRQHandler                  0x0800040f   Thumb Code     0  startup_stm32f411xe.o(.text)
    DMA1_Stream2_IRQHandler                  0x0800040f   Thumb Code     0  startup_stm32f411xe.o(.text)
    DMA1_Stream3_IRQHandler                  0x0800040f   Thumb Code     0  startup_stm32f411xe.o(.text)
    DMA1_Stream4_IRQHandler                  0x0800040f   Thumb Code     0  startup_stm32f411xe.o(.text)
    DMA1_Stream5_IRQHandler                  0x0800040f   Thumb Code     0  startup_stm32f411xe.o(.text)
    DMA1_Stream6_IRQHandler                  0x0800040f   Thumb Code     0  startup_stm32f411xe.o(.text)
    DMA1_Stream7_IRQHandler                  0x0800040f   Thumb Code     0  startup_stm32f411xe.o(.text)
    DMA2_Stream0_IRQHandler                  0x0800040f   Thumb Code     0  startup_stm32f411xe.o(.text)
    DMA2_Stream1_IRQHandler                  0x0800040f   Thumb Code     0  startup_stm32f411xe.o(.text)
    DMA2_Stream2_IRQHandler                  0x0800040f   Thumb Code     0  startup_stm32f411xe.o(.text)
    DMA2_Stream3_IRQHandler                  0x0800040f   Thumb Code     0  startup_stm32f411xe.o(.text)
    DMA2_Stream4_IRQHandler                  0x0800040f   Thumb Code     0  startup_stm32f411xe.o(.text)
    DMA2_Stream5_IRQHandler                  0x0800040f   Thumb Code     0  startup_stm32f411xe.o(.text)
    DMA2_Stream6_IRQHandler                  0x0800040f   Thumb Code     0  startup_stm32f411xe.o(.text)
    DMA2_Stream7_IRQHandler                  0x0800040f   Thumb Code     0  startup_stm32f411xe.o(.text)
    EXTI0_IRQHandler                         0x0800040f   Thumb Code     0  startup_stm32f411xe.o(.text)
    EXTI15_10_IRQHandler                     0x0800040f   Thumb Code     0  startup_stm32f411xe.o(.text)
    EXTI1_IRQHandler                         0x0800040f   Thumb Code     0  startup_stm32f411xe.o(.text)
    EXTI2_IRQHandler                         0x0800040f   Thumb Code     0  startup_stm32f411xe.o(.text)
    EXTI3_IRQHandler                         0x0800040f   Thumb Code     0  startup_stm32f411xe.o(.text)
    EXTI4_IRQHandler                         0x0800040f   Thumb Code     0  startup_stm32f411xe.o(.text)
    EXTI9_5_IRQHandler                       0x0800040f   Thumb Code     0  startup_stm32f411xe.o(.text)
    FLASH_IRQHandler                         0x0800040f   Thumb Code     0  startup_stm32f411xe.o(.text)
    FPU_IRQHandler                           0x0800040f   Thumb Code     0  startup_stm32f411xe.o(.text)
    I2C1_ER_IRQHandler                       0x0800040f   Thumb Code     0  startup_stm32f411xe.o(.text)
    I2C1_EV_IRQHandler                       0x0800040f   Thumb Code     0  startup_stm32f411xe.o(.text)
    I2C2_ER_IRQHandler                       0x0800040f   Thumb Code     0  startup_stm32f411xe.o(.text)
    I2C2_EV_IRQHandler                       0x0800040f   Thumb Code     0  startup_stm32f411xe.o(.text)
    I2C3_ER_IRQHandler                       0x0800040f   Thumb Code     0  startup_stm32f411xe.o(.text)
    I2C3_EV_IRQHandler                       0x0800040f   Thumb Code     0  startup_stm32f411xe.o(.text)
    OTG_FS_IRQHandler                        0x0800040f   Thumb Code     0  startup_stm32f411xe.o(.text)
    OTG_FS_WKUP_IRQHandler                   0x0800040f   Thumb Code     0  startup_stm32f411xe.o(.text)
    PVD_IRQHandler                           0x0800040f   Thumb Code     0  startup_stm32f411xe.o(.text)
    RCC_IRQHandler                           0x0800040f   Thumb Code     0  startup_stm32f411xe.o(.text)
    RTC_Alarm_IRQHandler                     0x0800040f   Thumb Code     0  startup_stm32f411xe.o(.text)
    RTC_WKUP_IRQHandler                      0x0800040f   Thumb Code     0  startup_stm32f411xe.o(.text)
    SDIO_IRQHandler                          0x0800040f   Thumb Code     0  startup_stm32f411xe.o(.text)
    SPI1_IRQHandler                          0x0800040f   Thumb Code     0  startup_stm32f411xe.o(.text)
    SPI2_IRQHandler                          0x0800040f   Thumb Code     0  startup_stm32f411xe.o(.text)
    SPI3_IRQHandler                          0x0800040f   Thumb Code     0  startup_stm32f411xe.o(.text)
    SPI4_IRQHandler                          0x0800040f   Thumb Code     0  startup_stm32f411xe.o(.text)
    SPI5_IRQHandler                          0x0800040f   Thumb Code     0  startup_stm32f411xe.o(.text)
    TAMP_STAMP_IRQHandler                    0x0800040f   Thumb Code     0  startup_stm32f411xe.o(.text)
    TIM1_BRK_TIM9_IRQHandler                 0x0800040f   Thumb Code     0  startup_stm32f411xe.o(.text)
    TIM1_CC_IRQHandler                       0x0800040f   Thumb Code     0  startup_stm32f411xe.o(.text)
    TIM1_TRG_COM_TIM11_IRQHandler            0x0800040f   Thumb Code     0  startup_stm32f411xe.o(.text)
    TIM1_UP_TIM10_IRQHandler                 0x0800040f   Thumb Code     0  startup_stm32f411xe.o(.text)
    TIM2_IRQHandler                          0x0800040f   Thumb Code     0  startup_stm32f411xe.o(.text)
    TIM3_IRQHandler                          0x0800040f   Thumb Code     0  startup_stm32f411xe.o(.text)
    TIM4_IRQHandler                          0x0800040f   Thumb Code     0  startup_stm32f411xe.o(.text)
    TIM5_IRQHandler                          0x0800040f   Thumb Code     0  startup_stm32f411xe.o(.text)
    USART1_IRQHandler                        0x0800040f   Thumb Code     0  startup_stm32f411xe.o(.text)
    USART2_IRQHandler                        0x0800040f   Thumb Code     0  startup_stm32f411xe.o(.text)
    USART6_IRQHandler                        0x0800040f   Thumb Code     0  startup_stm32f411xe.o(.text)
    WWDG_IRQHandler                          0x0800040f   Thumb Code     0  startup_stm32f411xe.o(.text)
    __user_initial_stackheap                 0x08000411   Thumb Code     0  startup_stm32f411xe.o(.text)
    __user_libspace                          0x08000435   Thumb Code     8  libspace.o(.text)
    __user_perproc_libspace                  0x08000435   Thumb Code     0  libspace.o(.text)
    exit                                     0x0800043d   Thumb Code    18  exit.o(.text)
    __use_two_region_memory                  0x0800044f   Thumb Code     2  heapauxi.o(.text)
    __rt_heap_escrow$2region                 0x08000451   Thumb Code     2  heapauxi.o(.text)
    __rt_heap_expand$2region                 0x08000453   Thumb Code     2  heapauxi.o(.text)
    _sys_exit                                0x08000455   Thumb Code     8  sys_exit.o(.text)
    __user_setup_stackheap                   0x08000461   Thumb Code    74  sys_stackheap_outer.o(.text)
    __I$use$semihosting                      0x080004ab   Thumb Code     0  use_no_semi.o(.text)
    __use_no_semihosting_swi                 0x080004ab   Thumb Code     2  use_no_semi.o(.text)
    SVC_Count                                0x080004ac   Data           4  svc_table.o(SVC_TABLE)
    __semihosting_library_function           0x080004ad   Thumb Code     0  indicate_semi.o(.text)
    BLUE_thread                              0x080004b1   Thumb Code    14  main.o(i.BLUE_thread)
    SVC_Table                                0x080004b0   Data           0  svc_table.o(SVC_TABLE)
    BLUE_toggle                              0x080004c1   Thumb Code    14  led.o(i.BLUE_toggle)
    GREEN_thread                             0x080004d5   Thumb Code    14  main.o(i.GREEN_thread)
    GREEN_toggle                             0x080004e5   Thumb Code    14  led.o(i.GREEN_toggle)
    LED_Init                                 0x080004f9   Thumb Code    26  led.o(i.LED_Init)
    RED_thread                               0x0800051d   Thumb Code    14  main.o(i.RED_thread)
    RED_toggle                               0x0800052d   Thumb Code    14  led.o(i.RED_toggle)
    SystemInit                               0x08000541   Thumb Code    82  system_stm32f4xx.o(i.SystemInit)
    _init_box                                0x080005a5   Thumb Code    70  rt_membox.o(i._init_box)
    _mutex_acquire                           0x080005ed   Thumb Code    22  rtx_conf_cm.o(i._mutex_acquire)
    _mutex_release                           0x0800060d   Thumb Code    18  rtx_conf_cm.o(i._mutex_release)
    dbg_init                                 0x08000629   Thumb Code    34  hal_cm.o(i.dbg_init)
    dbg_task_notify                          0x08000659   Thumb Code    32  hal_cm.o(i.dbg_task_notify)
    dbg_task_switch                          0x08000679   Thumb Code    16  hal_cm.o(i.dbg_task_switch)
    isrMessageGet                            0x08000689   Thumb Code    42  rt_cmsis.o(i.isrMessageGet)
    isrMessagePut                            0x080006b3   Thumb Code    44  rt_cmsis.o(i.isrMessagePut)
    isr_mbx_receive                          0x080006e1   Thumb Code    86  rt_mailbox.o(i.isr_mbx_receive)
    isr_mbx_send                             0x08000737   Thumb Code    14  rt_mailbox.o(i.isr_mbx_send)
    main                                     0x08000745   Thumb Code    32  main.o(i.main)
    osDelay                                  0x08000771   Thumb Code    18  rt_cmsis.o(i.osDelay)
    osKernelInitialize                       0x08000789   Thumb Code    30  rt_cmsis.o(i.osKernelInitialize)
    osKernelStart                            0x080007ad   Thumb Code    98  rt_cmsis.o(i.osKernelStart)
    osMessageGet                             0x08000819   Thumb Code    18  rt_cmsis.o(i.osMessageGet)
    osThreadCreate                           0x08000831   Thumb Code    36  rt_cmsis.o(i.osThreadCreate)
    osThreadExit                             0x0800085d   Thumb Code    14  rt_cmsis.o(i.osThreadExit)
    osTimerCall                              0x08000875   Thumb Code     8  rt_cmsis.o(i.osTimerCall)
    osTimerThread                            0x08000881   Thumb Code    38  rt_cmsis.o(i.osTimerThread)
    os_error                                 0x080008ad   Thumb Code    34  rtx_conf_cm.o(i.os_error)
    os_idle_demon                            0x080008cf   Thumb Code     4  rtx_conf_cm.o(i.os_idle_demon)
    os_tick_init                             0x080008d5   Thumb Code    32  rt_system.o(i.os_tick_init)
    os_tick_irqack                           0x080008fd   Thumb Code     2  rt_system.o(i.os_tick_irqack)
    rt_alloc_box                             0x080008ff   Thumb Code    26  rt_membox.o(i.rt_alloc_box)
    rt_alloc_mem                             0x08000919   Thumb Code    62  rt_memory.o(i.rt_alloc_mem)
    rt_block                                 0x08000959   Thumb Code    48  rt_task.o(i.rt_block)
    rt_chk_robin                             0x08000991   Thumb Code    60  rt_robin.o(i.rt_chk_robin)
    rt_dec_dly                               0x080009d9   Thumb Code   102  rt_list.o(i.rt_dec_dly)
    rt_dispatch                              0x08000a49   Thumb Code    60  rt_task.o(i.rt_dispatch)
    rt_dly_wait                              0x08000a8d   Thumb Code     6  rt_time.o(i.rt_dly_wait)
    rt_evt_psh                               0x08000a95   Thumb Code    76  rt_event.o(i.rt_evt_psh)
    rt_free_box                              0x08000ae5   Thumb Code    44  rt_membox.o(i.rt_free_box)
    rt_free_mem                              0x08000b11   Thumb Code    40  rt_memory.o(i.rt_free_mem)
    rt_get_first                             0x08000b39   Thumb Code    40  rt_list.o(i.rt_get_first)
    rt_init_mem                              0x08000bb1   Thumb Code    26  rt_memory.o(i.rt_init_mem)
    rt_init_robin                            0x08000bcd   Thumb Code    14  rt_robin.o(i.rt_init_robin)
    rt_init_stack                            0x08000be5   Thumb Code   118  hal_cm.o(i.rt_init_stack)
    rt_mbx_check                             0x08000c65   Thumb Code     8  rt_mailbox.o(i.rt_mbx_check)
    rt_mbx_init                              0x08000c6d   Thumb Code    26  rt_mailbox.o(i.rt_mbx_init)
    rt_mbx_psh                               0x08000c89   Thumb Code   236  rt_mailbox.o(i.rt_mbx_psh)
    rt_mbx_wait                              0x08000d79   Thumb Code   174  rt_mailbox.o(i.rt_mbx_wait)
    rt_mut_release                           0x08000e71   Thumb Code   208  rt_mutex.o(i.rt_mut_release)
    rt_mut_wait                              0x08000f49   Thumb Code   114  rt_mutex.o(i.rt_mut_wait)
    rt_pop_req                               0x08000fc1   Thumb Code   112  rt_system.o(i.rt_pop_req)
    rt_psh_req                               0x0800103d   Thumb Code    22  rt_system.o(i.rt_psh_req)
    rt_psq_enq                               0x0800105d   Thumb Code    88  rt_list.o(i.rt_psq_enq)
    rt_put_dly                               0x080010b9   Thumb Code    68  rt_list.o(i.rt_put_dly)
    rt_put_prio                              0x08001101   Thumb Code    54  rt_list.o(i.rt_put_prio)
    rt_put_rdy_first                         0x08001139   Thumb Code    14  rt_list.o(i.rt_put_rdy_first)
    rt_resort_prio                           0x0800114d   Thumb Code    46  rt_list.o(i.rt_resort_prio)
    rt_ret_val                               0x08001191   Thumb Code    12  hal_cm.o(i.rt_ret_val)
    rt_ret_val2                              0x0800119d   Thumb Code    16  hal_cm.o(i.rt_ret_val2)
    rt_rmv_dly                               0x080011ad   Thumb Code    40  rt_list.o(i.rt_rmv_dly)
    rt_rmv_list                              0x080011d5   Thumb Code    44  rt_list.o(i.rt_rmv_list)
    rt_sem_psh                               0x08001205   Thumb Code    48  rt_semaphore.o(i.rt_sem_psh)
    rt_stk_check                             0x08001239   Thumb Code    28  rt_system.o(i.rt_stk_check)
    rt_switch_req                            0x0800125d   Thumb Code    30  rt_task.o(i.rt_switch_req)
    rt_sys_init                              0x08001285   Thumb Code   138  rt_task.o(i.rt_sys_init)
    rt_sys_start                             0x08001351   Thumb Code   110  rt_task.o(i.rt_sys_start)
    rt_systick                               0x080013c9   Thumb Code    50  rt_system.o(i.rt_systick)
    rt_tsk_create                            0x08001451   Thumb Code   118  rt_task.o(i.rt_tsk_create)
    rt_tsk_delete                            0x080014d9   Thumb Code   352  rt_task.o(i.rt_tsk_delete)
    rt_tsk_prio                              0x08001655   Thumb Code   108  rt_task.o(i.rt_tsk_prio)
    rt_tsk_self                              0x080016d1   Thumb Code    12  rt_task.o(i.rt_tsk_self)
    svcDelay                                 0x080016e1   Thumb Code    18  rt_cmsis.o(i.svcDelay)
    svcKernelInitialize                      0x080016f5   Thumb Code    80  rt_cmsis.o(i.svcKernelInitialize)
    svcKernelStart                           0x08001765   Thumb Code    62  rt_cmsis.o(i.svcKernelStart)
    svcMessageCreate                         0x080017ad   Thumb Code    36  rt_cmsis.o(i.svcMessageCreate)
    svcMessageGet                            0x080017d1   Thumb Code    58  rt_cmsis.o(i.svcMessageGet)
    svcThreadCreate                          0x0800180d   Thumb Code    96  rt_cmsis.o(i.svcThreadCreate)
    svcThreadGetId                           0x08001879   Thumb Code    22  rt_cmsis.o(i.svcThreadGetId)
    svcThreadTerminate                       0x08001895   Thumb Code    50  rt_cmsis.o(i.svcThreadTerminate)
    svcTimerCall                             0x080018cd   Thumb Code    24  rt_cmsis.o(i.svcTimerCall)
    sysTimerTick                             0x080018e5   Thumb Code    84  rt_cmsis.o(i.sysTimerTick)
    _fp_init                                 0x08001941   Thumb Code    10  fpinit.o(x$fpl$fpinit)
    __fplib_config_fpu_vfp                   0x08001949   Thumb Code     0  fpinit.o(x$fpl$fpinit)
    __fplib_config_pureend_doubles           0x08001949   Thumb Code     0  fpinit.o(x$fpl$fpinit)
    os_thread_def_RED_thread                 0x0800194c   Data          16  main.o(.constdata)
    os_thread_def_BLUE_thread                0x0800195c   Data          16  main.o(.constdata)
    os_thread_def_GREEN_thread               0x0800196c   Data          16  main.o(.constdata)
    os_maxtaskrun                            0x0800197c   Data           2  rtx_conf_cm.o(.constdata)
    os_stackinfo                             0x08001980   Data           4  rtx_conf_cm.o(.constdata)
    os_rrobin                                0x08001984   Data           4  rtx_conf_cm.o(.constdata)
    os_tickfreq                              0x08001988   Data           4  rtx_conf_cm.o(.constdata)
    os_tickus_i                              0x0800198c   Data           2  rtx_conf_cm.o(.constdata)
    os_tickus_f                              0x0800198e   Data           2  rtx_conf_cm.o(.constdata)
    os_trv                                   0x08001990   Data           4  rtx_conf_cm.o(.constdata)
    os_flags                                 0x08001994   Data           1  rtx_conf_cm.o(.constdata)
    CMSIS_RTOS_API_Version                   0x08001998   Data           4  rtx_conf_cm.o(.constdata)
    CMSIS_RTOS_RTX_Version                   0x0800199c   Data           4  rtx_conf_cm.o(.constdata)
    os_clockrate                             0x080019a0   Data           4  rtx_conf_cm.o(.constdata)
    os_timernum                              0x080019a4   Data           4  rtx_conf_cm.o(.constdata)
    mp_tcb_size                              0x080019a8   Data           2  rtx_conf_cm.o(.constdata)
    mp_stk_size                              0x080019ac   Data           4  rtx_conf_cm.o(.constdata)
    os_stack_sz                              0x080019b0   Data           4  rtx_conf_cm.o(.constdata)
    os_fifo_size                             0x080019b4   Data           1  rtx_conf_cm.o(.constdata)
    os_thread_def_osTimerThread              0x080019b8   Data          16  rtx_conf_cm.o(.constdata)
    os_messageQ_def_osTimerMessageQ          0x080019c8   Data           8  rtx_conf_cm.o(.constdata)
    mp_tmr_size                              0x080019d0   Data           2  rtx_conf_cm.o(.constdata)
    os_thread_def_main                       0x080019d4   Data          16  rtx_conf_cm.o(.constdata)
    Region$$Table$$Base                      0x080019e4   Number         0  anon$$obj.o(Region$$Table)
    Region$$Table$$Limit                     0x08001a04   Number         0  anon$$obj.o(Region$$Table)
    osThreadId_osTimerThread                 0x20000000   Data           4  rtx_conf_cm.o(.data)
    osMessageQId_osTimerMessageQ             0x20000004   Data           4  rtx_conf_cm.o(.data)
    os_tmr                                   0x20000008   Data           4  rtx_conf_cm.o(.data)
    m_tmr                                    0x2000000c   Data           4  rtx_conf_cm.o(.data)
    os_initialized                           0x20000014   Data           1  rt_cmsis.o(.data)
    os_running                               0x20000015   Data           1  rt_cmsis.o(.data)
    os_timer_head                            0x20000018   Data           4  rt_cmsis.o(.data)
    os_tsk                                   0x2000001c   Data           8  rt_task.o(.data)
    os_tick_irqn                             0x20000028   Data           4  rt_system.o(.data)
    os_time                                  0x2000002c   Data           4  rt_time.o(.data)
    os_robin                                 0x20000030   Data           8  rt_robin.o(.data)
    dbg_msg                                  0x20000038   Data           1  hal_cm.o(.data)
    mp_tcb                                   0x20000040   Data         376  rtx_conf_cm.o(.bss)
    mp_stk                                   0x200001b8   Data        1216  rtx_conf_cm.o(.bss)
    os_stack_mem                             0x20000678   Data         432  rtx_conf_cm.o(.bss)
    os_fifo                                  0x20000828   Data         132  rtx_conf_cm.o(.bss)
    os_active_TCB                            0x200008ac   Data          28  rtx_conf_cm.o(.bss)
    os_messageQ_q_osTimerMessageQ            0x200008c8   Data          32  rtx_conf_cm.o(.bss)
    os_idle_TCB                              0x20000c08   Data          52  rt_task.o(.bss)
    os_rdy                                   0x20000c3c   Data          24  rt_list.o(.bss)
    os_dly                                   0x20000c54   Data          24  rt_list.o(.bss)
    __libspace_start                         0x20000c6c   Data          96  libspace.o(.bss)
    __temporary_stack_top$libspace           0x20000ccc   Data           0  libspace.o(.bss)



==============================================================================

Memory Map of the image

  Image Entry point : 0x080003f5

  Load Region LR_1 (Base: 0x08000000, Size: 0x00001a40, Max: 0xffffffff, ABSOLUTE)

    Execution Region ER_RO (Exec base: 0x08000000, Load base: 0x08000000, Size: 0x00001a04, Max: 0xffffffff, ABSOLUTE)

    Exec Addr    Load Addr    Size         Type   Attr      Idx    E Section Name        Object

    0x08000000   0x08000000   0x00000198   Data   RO          190    RESET               startup_stm32f411xe.o
    0x08000198   0x08000198   0x00000008   Code   RO         1459  * !!!main             c_w.l(__main.o)
    0x080001a0   0x080001a0   0x00000034   Code   RO         1620    !!!scatter          c_w.l(__scatter.o)
    0x080001d4   0x080001d4   0x0000001a   Code   RO         1622    !!handler_copy      c_w.l(__scatter_copy.o)
    0x080001ee   0x080001ee   0x00000002   PAD
    0x080001f0   0x080001f0   0x0000001c   Code   RO         1624    !!handler_zi        c_w.l(__scatter_zi.o)
    0x0800020c   0x0800020c   0x00000002   Code   RO         1506    .ARM.Collect$$libinit$$00000000  c_w.l(libinit.o)
    0x0800020e   0x0800020e   0x00000004   Code   RO         1517    .ARM.Collect$$libinit$$00000001  c_w.l(libinit2.o)
    0x08000212   0x08000212   0x00000000   Code   RO         1520    .ARM.Collect$$libinit$$00000004  c_w.l(libinit2.o)
    0x08000212   0x08000212   0x00000000   Code   RO         1523    .ARM.Collect$$libinit$$0000000A  c_w.l(libinit2.o)
    0x08000212   0x08000212   0x00000000   Code   RO         1525    .ARM.Collect$$libinit$$0000000C  c_w.l(libinit2.o)
    0x08000212   0x08000212   0x00000000   Code   RO         1527    .ARM.Collect$$libinit$$0000000E  c_w.l(libinit2.o)
    0x08000212   0x08000212   0x00000000   Code   RO         1530    .ARM.Collect$$libinit$$00000011  c_w.l(libinit2.o)
    0x08000212   0x08000212   0x00000000   Code   RO         1532    .ARM.Collect$$libinit$$00000013  c_w.l(libinit2.o)
    0x08000212   0x08000212   0x00000000   Code   RO         1534    .ARM.Collect$$libinit$$00000015  c_w.l(libinit2.o)
    0x08000212   0x08000212   0x00000000   Code   RO         1536    .ARM.Collect$$libinit$$00000017  c_w.l(libinit2.o)
    0x08000212   0x08000212   0x00000000   Code   RO         1538    .ARM.Collect$$libinit$$00000019  c_w.l(libinit2.o)
    0x08000212   0x08000212   0x00000000   Code   RO         1540    .ARM.Collect$$libinit$$0000001B  c_w.l(libinit2.o)
    0x08000212   0x08000212   0x00000000   Code   RO         1542    .ARM.Collect$$libinit$$0000001D  c_w.l(libinit2.o)
    0x08000212   0x08000212   0x00000000   Code   RO         1544    .ARM.Collect$$libinit$$0000001F  c_w.l(libinit2.o)
    0x08000212   0x08000212   0x00000000   Code   RO         1546    .ARM.Collect$$libinit$$00000021  c_w.l(libinit2.o)
    0x08000212   0x08000212   0x00000000   Code   RO         1548    .ARM.Collect$$libinit$$00000023  c_w.l(libinit2.o)
    0x08000212   0x08000212   0x00000000   Code   RO         1550    .ARM.Collect$$libinit$$00000025  c_w.l(libinit2.o)
    0x08000212   0x08000212   0x00000000   Code   RO         1554    .ARM.Collect$$libinit$$0000002C  c_w.l(libinit2.o)
    0x08000212   0x08000212   0x00000000   Code   RO         1556    .ARM.Collect$$libinit$$0000002E  c_w.l(libinit2.o)
    0x08000212   0x08000212   0x00000000   Code   RO         1558    .ARM.Collect$$libinit$$00000030  c_w.l(libinit2.o)
    0x08000212   0x08000212   0x00000000   Code   RO         1560    .ARM.Collect$$libinit$$00000032  c_w.l(libinit2.o)
    0x08000212   0x08000212   0x00000002   Code   RO         1561    .ARM.Collect$$libinit$$00000033  c_w.l(libinit2.o)
    0x08000214   0x08000214   0x00000002   Code   RO         1507    .ARM.Collect$$libshutdown$$00000000  c_w.l(libshutdown.o)
    0x08000216   0x08000216   0x00000000   Code   RO         1563    .ARM.Collect$$libshutdown$$00000002  c_w.l(libshutdown2.o)
    0x08000216   0x08000216   0x00000000   Code   RO         1565    .ARM.Collect$$libshutdown$$00000004  c_w.l(libshutdown2.o)
    0x08000216   0x08000216   0x00000000   Code   RO         1568    .ARM.Collect$$libshutdown$$00000007  c_w.l(libshutdown2.o)
    0x08000216   0x08000216   0x00000000   Code   RO         1571    .ARM.Collect$$libshutdown$$0000000A  c_w.l(libshutdown2.o)
    0x08000216   0x08000216   0x00000000   Code   RO         1573    .ARM.Collect$$libshutdown$$0000000C  c_w.l(libshutdown2.o)
    0x08000216   0x08000216   0x00000000   Code   RO         1576    .ARM.Collect$$libshutdown$$0000000F  c_w.l(libshutdown2.o)
    0x08000216   0x08000216   0x00000002   Code   RO         1577    .ARM.Collect$$libshutdown$$00000010  c_w.l(libshutdown2.o)
    0x08000218   0x08000218   0x00000000   Code   RO         1461    .ARM.Collect$$rtentry$$00000000  c_w.l(__rtentry.o)
    0x08000218   0x08000218   0x00000000   Code   RO         1469    .ARM.Collect$$rtentry$$00000002  c_w.l(__rtentry2.o)
    0x08000218   0x08000218   0x00000006   Code   RO         1481    .ARM.Collect$$rtentry$$00000004  c_w.l(__rtentry4.o)
    0x0800021e   0x0800021e   0x00000000   Code   RO         1471    .ARM.Collect$$rtentry$$00000009  c_w.l(__rtentry2.o)
    0x0800021e   0x0800021e   0x00000004   Code   RO         1472    .ARM.Collect$$rtentry$$0000000A  c_w.l(__rtentry2.o)
    0x08000222   0x08000222   0x00000008   Code   RO         1473    .ARM.Collect$$rtentry$$0000000B  c_w.l(__rtentry2.o)
    0x0800022a   0x0800022a   0x00000008   Code   RO         1475    .ARM.Collect$$rtentry$$0000000D  c_w.l(__rtentry2.o)
    0x08000232   0x08000232   0x00000002   Code   RO         1462    .ARM.Collect$$rtexit$$00000000  c_w.l(rtexit.o)
    0x08000234   0x08000234   0x00000000   Code   RO         1484    .ARM.Collect$$rtexit$$00000002  c_w.l(rtexit2.o)
    0x08000234   0x08000234   0x00000004   Code   RO         1485    .ARM.Collect$$rtexit$$00000003  c_w.l(rtexit2.o)
    0x08000238   0x08000238   0x00000006   Code   RO         1486    .ARM.Collect$$rtexit$$00000004  c_w.l(rtexit2.o)
    0x0800023e   0x0800023e   0x00000002   PAD
    0x08000240   0x08000240   0x0000001c   Code   RO          130    .emb_text           rtx_conf_cm.o
    0x0800025c   0x0800025c   0x00000198   Code   RO         1435    .emb_text           RTX_CM4.lib(hal_cm4.o)
    0x080003f4   0x080003f4   0x00000040   Code   RO          191  * .text               startup_stm32f411xe.o
    0x08000434   0x08000434   0x00000008   Code   RO         1450    .text               c_w.l(libspace.o)
    0x0800043c   0x0800043c   0x00000012   Code   RO         1455    .text               c_w.l(exit.o)
    0x0800044e   0x0800044e   0x00000006   Code   RO         1457    .text               c_w.l(heapauxi.o)
    0x08000454   0x08000454   0x0000000c   Code   RO         1492    .text               c_w.l(sys_exit.o)
    0x08000460   0x08000460   0x0000004a   Code   RO         1494    .text               c_w.l(sys_stackheap_outer.o)
    0x080004aa   0x080004aa   0x00000002   Code   RO         1508    .text               c_w.l(use_no_semi.o)
    0x080004ac   0x080004ac   0x00000000   Code   RO         1510    .text               c_w.l(indicate_semi.o)
    0x080004ac   0x080004ac   0x00000004   Code   RO         1445    SVC_TABLE           RTX_CM4.lib(svc_table.o)
    0x080004b0   0x080004b0   0x0000000e   Code   RO            4    i.BLUE_thread       main.o
    0x080004be   0x080004be   0x00000002   PAD
    0x080004c0   0x080004c0   0x00000014   Code   RO           91    i.BLUE_toggle       led.o
    0x080004d4   0x080004d4   0x0000000e   Code   RO            5    i.GREEN_thread      main.o
    0x080004e2   0x080004e2   0x00000002   PAD
    0x080004e4   0x080004e4   0x00000014   Code   RO           92    i.GREEN_toggle      led.o
    0x080004f8   0x080004f8   0x00000024   Code   RO           93    i.LED_Init          led.o
    0x0800051c   0x0800051c   0x0000000e   Code   RO            6    i.RED_thread        main.o
    0x0800052a   0x0800052a   0x00000002   PAD
    0x0800052c   0x0800052c   0x00000014   Code   RO           94    i.RED_toggle        led.o
    0x08000540   0x08000540   0x00000064   Code   RO          199    i.SystemInit        system_stm32f4xx.o
    0x080005a4   0x080005a4   0x00000046   Code   RO         1329    i._init_box         RTX_CM4.lib(rt_membox.o)
    0x080005ea   0x080005ea   0x00000002   PAD
    0x080005ec   0x080005ec   0x00000020   Code   RO          132    i._mutex_acquire    rtx_conf_cm.o
    0x0800060c   0x0800060c   0x0000001c   Code   RO          134    i._mutex_release    rtx_conf_cm.o
    0x08000628   0x08000628   0x00000030   Code   RO         1382    i.dbg_init          RTX_CM4.lib(hal_cm.o)
    0x08000658   0x08000658   0x00000020   Code   RO         1383    i.dbg_task_notify   RTX_CM4.lib(hal_cm.o)
    0x08000678   0x08000678   0x00000010   Code   RO         1384    i.dbg_task_switch   RTX_CM4.lib(hal_cm.o)
    0x08000688   0x08000688   0x0000002a   Code   RO          235    i.isrMessageGet     RTX_CM4.lib(rt_cmsis.o)
    0x080006b2   0x080006b2   0x0000002c   Code   RO          236    i.isrMessagePut     RTX_CM4.lib(rt_cmsis.o)
    0x080006de   0x080006de   0x00000002   PAD
    0x080006e0   0x080006e0   0x00000056   Code   RO         1184    i.isr_mbx_receive   RTX_CM4.lib(rt_mailbox.o)
    0x08000736   0x08000736   0x0000000e   Code   RO         1185    i.isr_mbx_send      RTX_CM4.lib(rt_mailbox.o)
    0x08000744   0x08000744   0x0000002c   Code   RO            7    i.main              main.o
    0x08000770   0x08000770   0x00000018   Code   RO          239    i.osDelay           RTX_CM4.lib(rt_cmsis.o)
    0x08000788   0x08000788   0x00000024   Code   RO          240    i.osKernelInitialize  RTX_CM4.lib(rt_cmsis.o)
    0x080007ac   0x080007ac   0x0000006c   Code   RO          242    i.osKernelStart     RTX_CM4.lib(rt_cmsis.o)
    0x08000818   0x08000818   0x00000018   Code   RO          251    i.osMessageGet      RTX_CM4.lib(rt_cmsis.o)
    0x08000830   0x08000830   0x0000002c   Code   RO          268    i.osThreadCreate    RTX_CM4.lib(rt_cmsis.o)
    0x0800085c   0x0800085c   0x00000018   Code   RO          269    i.osThreadExit      RTX_CM4.lib(rt_cmsis.o)
    0x08000874   0x08000874   0x0000000c   Code   RO          275    i.osTimerCall       RTX_CM4.lib(rt_cmsis.o)
    0x08000880   0x08000880   0x0000002c   Code   RO          280    i.osTimerThread     RTX_CM4.lib(rt_cmsis.o)
    0x080008ac   0x080008ac   0x00000022   Code   RO          135    i.os_error          rtx_conf_cm.o
    0x080008ce   0x080008ce   0x00000004   Code   RO          136    i.os_idle_demon     rtx_conf_cm.o
    0x080008d2   0x080008d2   0x00000002   PAD
    0x080008d4   0x080008d4   0x00000028   Code   RO          976    i.os_tick_init      RTX_CM4.lib(rt_system.o)
    0x080008fc   0x080008fc   0x00000002   Code   RO          977    i.os_tick_irqack    RTX_CM4.lib(rt_system.o)
    0x080008fe   0x080008fe   0x0000001a   Code   RO         1330    i.rt_alloc_box      RTX_CM4.lib(rt_membox.o)
    0x08000918   0x08000918   0x0000003e   Code   RO         1358    i.rt_alloc_mem      RTX_CM4.lib(rt_memory.o)
    0x08000956   0x08000956   0x00000002   PAD
    0x08000958   0x08000958   0x00000038   Code   RO          857    i.rt_block          RTX_CM4.lib(rt_task.o)
    0x08000990   0x08000990   0x00000048   Code   RO         1307    i.rt_chk_robin      RTX_CM4.lib(rt_robin.o)
    0x080009d8   0x080009d8   0x00000070   Code   RO         1108    i.rt_dec_dly        RTX_CM4.lib(rt_list.o)
    0x08000a48   0x08000a48   0x00000044   Code   RO          858    i.rt_dispatch       RTX_CM4.lib(rt_task.o)
    0x08000a8c   0x08000a8c   0x00000006   Code   RO         1274    i.rt_dly_wait       RTX_CM4.lib(rt_time.o)
    0x08000a92   0x08000a92   0x00000002   PAD
    0x08000a94   0x08000a94   0x00000050   Code   RO         1069    i.rt_evt_psh        RTX_CM4.lib(rt_event.o)
    0x08000ae4   0x08000ae4   0x0000002c   Code   RO         1331    i.rt_free_box       RTX_CM4.lib(rt_membox.o)
    0x08000b10   0x08000b10   0x00000028   Code   RO         1359    i.rt_free_mem       RTX_CM4.lib(rt_memory.o)
    0x08000b38   0x08000b38   0x00000028   Code   RO         1109    i.rt_get_first      RTX_CM4.lib(rt_list.o)
    0x08000b60   0x08000b60   0x00000008   Code   RO          285    i.rt_id2obj         RTX_CM4.lib(rt_cmsis.o)
    0x08000b68   0x08000b68   0x00000048   Code   RO          859    i.rt_init_context   RTX_CM4.lib(rt_task.o)
    0x08000bb0   0x08000bb0   0x0000001a   Code   RO         1360    i.rt_init_mem       RTX_CM4.lib(rt_memory.o)
    0x08000bca   0x08000bca   0x00000002   PAD
    0x08000bcc   0x08000bcc   0x00000018   Code   RO         1308    i.rt_init_robin     RTX_CM4.lib(rt_robin.o)
    0x08000be4   0x08000be4   0x00000080   Code   RO         1385    i.rt_init_stack     RTX_CM4.lib(hal_cm.o)
    0x08000c64   0x08000c64   0x00000008   Code   RO         1186    i.rt_mbx_check      RTX_CM4.lib(rt_mailbox.o)
    0x08000c6c   0x08000c6c   0x0000001a   Code   RO         1187    i.rt_mbx_init       RTX_CM4.lib(rt_mailbox.o)
    0x08000c86   0x08000c86   0x00000002   PAD
    0x08000c88   0x08000c88   0x000000f0   Code   RO         1188    i.rt_mbx_psh        RTX_CM4.lib(rt_mailbox.o)
    0x08000d78   0x08000d78   0x000000b4   Code   RO         1190    i.rt_mbx_wait       RTX_CM4.lib(rt_mailbox.o)
    0x08000e2c   0x08000e2c   0x00000044   Code   RO          286    i.rt_ms2tick        RTX_CM4.lib(rt_cmsis.o)
    0x08000e70   0x08000e70   0x000000d8   Code   RO          943    i.rt_mut_release    RTX_CM4.lib(rt_mutex.o)
    0x08000f48   0x08000f48   0x00000078   Code   RO          944    i.rt_mut_wait       RTX_CM4.lib(rt_mutex.o)
    0x08000fc0   0x08000fc0   0x0000007c   Code   RO          980    i.rt_pop_req        RTX_CM4.lib(rt_system.o)
    0x0800103c   0x0800103c   0x00000020   Code   RO          981    i.rt_psh_req        RTX_CM4.lib(rt_system.o)
    0x0800105c   0x0800105c   0x0000005c   Code   RO         1111    i.rt_psq_enq        RTX_CM4.lib(rt_list.o)
    0x080010b8   0x080010b8   0x00000048   Code   RO         1112    i.rt_put_dly        RTX_CM4.lib(rt_list.o)
    0x08001100   0x08001100   0x00000036   Code   RO         1113    i.rt_put_prio       RTX_CM4.lib(rt_list.o)
    0x08001136   0x08001136   0x00000002   PAD
    0x08001138   0x08001138   0x00000014   Code   RO         1114    i.rt_put_rdy_first  RTX_CM4.lib(rt_list.o)
    0x0800114c   0x0800114c   0x00000034   Code   RO         1115    i.rt_resort_prio    RTX_CM4.lib(rt_list.o)
    0x08001180   0x08001180   0x00000010   Code   RO         1386    i.rt_ret_regs       RTX_CM4.lib(hal_cm.o)
    0x08001190   0x08001190   0x0000000c   Code   RO         1387    i.rt_ret_val        RTX_CM4.lib(hal_cm.o)
    0x0800119c   0x0800119c   0x00000010   Code   RO         1388    i.rt_ret_val2       RTX_CM4.lib(hal_cm.o)
    0x080011ac   0x080011ac   0x00000028   Code   RO         1116    i.rt_rmv_dly        RTX_CM4.lib(rt_list.o)
    0x080011d4   0x080011d4   0x00000030   Code   RO         1117    i.rt_rmv_list       RTX_CM4.lib(rt_list.o)
    0x08001204   0x08001204   0x00000034   Code   RO         1235    i.rt_sem_psh        RTX_CM4.lib(rt_semaphore.o)
    0x08001238   0x08001238   0x00000024   Code   RO          983    i.rt_stk_check      RTX_CM4.lib(rt_system.o)
    0x0800125c   0x0800125c   0x00000028   Code   RO          860    i.rt_switch_req     RTX_CM4.lib(rt_task.o)
    0x08001284   0x08001284   0x000000cc   Code   RO          861    i.rt_sys_init       RTX_CM4.lib(rt_task.o)
    0x08001350   0x08001350   0x00000078   Code   RO          862    i.rt_sys_start      RTX_CM4.lib(rt_task.o)
    0x080013c8   0x080013c8   0x00000040   Code   RO          985    i.rt_systick        RTX_CM4.lib(rt_system.o)
    0x08001408   0x08001408   0x00000012   Code   RO          287    i.rt_tid2ptcb       RTX_CM4.lib(rt_cmsis.o)
    0x0800141a   0x0800141a   0x00000002   PAD
    0x0800141c   0x0800141c   0x00000034   Code   RO          288    i.rt_timer_insert   RTX_CM4.lib(rt_cmsis.o)
    0x08001450   0x08001450   0x00000088   Code   RO          863    i.rt_tsk_create     RTX_CM4.lib(rt_task.o)
    0x080014d8   0x080014d8   0x0000017c   Code   RO          864    i.rt_tsk_delete     RTX_CM4.lib(rt_task.o)
    0x08001654   0x08001654   0x0000007c   Code   RO          866    i.rt_tsk_prio       RTX_CM4.lib(rt_task.o)
    0x080016d0   0x080016d0   0x00000010   Code   RO          867    i.rt_tsk_self       RTX_CM4.lib(rt_task.o)
    0x080016e0   0x080016e0   0x00000012   Code   RO          290    i.svcDelay          RTX_CM4.lib(rt_cmsis.o)
    0x080016f2   0x080016f2   0x00000002   PAD
    0x080016f4   0x080016f4   0x00000070   Code   RO          291    i.svcKernelInitialize  RTX_CM4.lib(rt_cmsis.o)
    0x08001764   0x08001764   0x00000048   Code   RO          293    i.svcKernelStart    RTX_CM4.lib(rt_cmsis.o)
    0x080017ac   0x080017ac   0x00000024   Code   RO          296    i.svcMessageCreate  RTX_CM4.lib(rt_cmsis.o)
    0x080017d0   0x080017d0   0x0000003a   Code   RO          297    i.svcMessageGet     RTX_CM4.lib(rt_cmsis.o)
    0x0800180a   0x0800180a   0x00000002   PAD
    0x0800180c   0x0800180c   0x0000006c   Code   RO          311    i.svcThreadCreate   RTX_CM4.lib(rt_cmsis.o)
    0x08001878   0x08001878   0x0000001c   Code   RO          312    i.svcThreadGetId    RTX_CM4.lib(rt_cmsis.o)
    0x08001894   0x08001894   0x00000038   Code   RO          315    i.svcThreadTerminate  RTX_CM4.lib(rt_cmsis.o)
    0x080018cc   0x080018cc   0x00000018   Code   RO          317    i.svcTimerCall      RTX_CM4.lib(rt_cmsis.o)
    0x080018e4   0x080018e4   0x0000005c   Code   RO          326    i.sysTimerTick      RTX_CM4.lib(rt_cmsis.o)
    0x08001940   0x08001940   0x0000000a   Code   RO         1584    x$fpl$fpinit        fz_wm.l(fpinit.o)
    0x0800194a   0x0800194a   0x00000002   PAD
    0x0800194c   0x0800194c   0x00000030   Data   RO            8    .constdata          main.o
    0x0800197c   0x0800197c   0x00000068   Data   RO          138    .constdata          rtx_conf_cm.o
    0x080019e4   0x080019e4   0x00000020   Data   RO         1618    Region$$Table       anon$$obj.o


    Execution Region ER_RW (Exec base: 0x20000000, Load base: 0x08001a04, Size: 0x0000003c, Max: 0xffffffff, ABSOLUTE)

    Exec Addr    Load Addr    Size         Type   Attr      Idx    E Section Name        Object

    0x20000000   0x08001a04   0x00000014   Data   RW          139    .data               rtx_conf_cm.o
    0x20000014   0x08001a18   0x00000008   Data   RW          329    .data               RTX_CM4.lib(rt_cmsis.o)
    0x2000001c   0x08001a20   0x00000008   Data   RW          869    .data               RTX_CM4.lib(rt_task.o)
    0x20000024   0x08001a28   0x00000008   Data   RW          988    .data               RTX_CM4.lib(rt_system.o)
    0x2000002c   0x08001a30   0x00000004   Data   RW         1278    .data               RTX_CM4.lib(rt_time.o)
    0x20000030   0x08001a34   0x00000008   Data   RW         1309    .data               RTX_CM4.lib(rt_robin.o)
    0x20000038   0x08001a3c   0x00000001   Data   RW         1389    .data               RTX_CM4.lib(hal_cm.o)


    Execution Region ER_ZI (Exec base: 0x2000003c, Load base: 0x08001a40, Size: 0x00001294, Max: 0xffffffff, ABSOLUTE)

    Exec Addr    Load Addr    Size         Type   Attr      Idx    E Section Name        Object

    0x2000003c   0x08001a40   0x00000004   PAD
    0x20000040        -       0x00000bc8   Zero   RW          137    .bss                rtx_conf_cm.o
    0x20000c08        -       0x00000034   Zero   RW          868    .bss                RTX_CM4.lib(rt_task.o)
    0x20000c3c        -       0x00000030   Zero   RW         1118    .bss                RTX_CM4.lib(rt_list.o)
    0x20000c6c        -       0x00000060   Zero   RW         1451    .bss                c_w.l(libspace.o)
    0x20000ccc   0x08001a40   0x00000004   PAD
    0x20000cd0        -       0x00000200   Zero   RW          189    HEAP                startup_stm32f411xe.o
    0x20000ed0        -       0x00000400   Zero   RW          188    STACK               startup_stm32f411xe.o


==============================================================================

Image component sizes


      Code (inc. data)   RO Data    RW Data    ZI Data      Debug   Object Name

        96         28          0          0          0       1697   led.o
        86         12         48          0          0      11455   main.o
       126         26        104         20       3016       9363   rtx_conf_cm.o
        64         26        408          0       1536        872   startup_stm32f411xe.o
       100         18          0          0          0        533   system_stm32f4xx.o

    ----------------------------------------------------------------------
       480        110        592         20       4552      23920   Object Totals
         0          0         32          0          0          0   (incl. Generated)
         8          0          0          0          0          0   (incl. Padding)

    ----------------------------------------------------------------------

      Code (inc. data)   RO Data    RW Data    ZI Data      Debug   Library Member Name

       268         24          0          1          0       4472   hal_cm.o
       408         34          0          0          0        816   hal_cm4.o
      1152        144          0          8          0      35878   rt_cmsis.o
        80          4          0          0          0        701   rt_event.o
       530         34          0          0         48       8601   rt_list.o
       554         10          0          0          0       4189   rt_mailbox.o
       140          0          0          0          0       2045   rt_membox.o
       128          0          0          0          0       2419   rt_memory.o
       336         14          0          0          0       1727   rt_mutex.o
        96         22          0          8          0       1230   rt_robin.o
        52          4          0          0          0        613   rt_semaphore.o
       298         52          0          8          0       6439   rt_system.o
      1216        174          0          8         52      10045   rt_task.o
         6          0          0          4          0        692   rt_time.o
         4          4          0          0          0        200   svc_table.o
         8          0          0          0          0         68   __main.o
         0          0          0          0          0          0   __rtentry.o
        20          0          0          0          0          0   __rtentry2.o
         6          0          0          0          0          0   __rtentry4.o
        52          8          0          0          0          0   __scatter.o
        26          0          0          0          0          0   __scatter_copy.o
        28          0          0          0          0          0   __scatter_zi.o
        18          0          0          0          0         80   exit.o
         6          0          0          0          0        152   heapauxi.o
         0          0          0          0          0          0   indicate_semi.o
         2          0          0          0          0          0   libinit.o
         6          0          0          0          0          0   libinit2.o
         2          0          0          0          0          0   libshutdown.o
         2          0          0          0          0          0   libshutdown2.o
         8          4          0          0         96         68   libspace.o
         2          0          0          0          0          0   rtexit.o
        10          0          0          0          0          0   rtexit2.o
        12          4          0          0          0         68   sys_exit.o
        74          0          0          0          0         80   sys_stackheap_outer.o
         2          0          0          0          0         68   use_no_semi.o
        10          0          0          0          0        116   fpinit.o

    ----------------------------------------------------------------------
      5588        536          0         40        204      80767   Library Totals
        26          0          0          3          8          0   (incl. Padding)

    ----------------------------------------------------------------------

      Code (inc. data)   RO Data    RW Data    ZI Data      Debug   Library Name

      5268        520          0         37        100      80067   RTX_CM4.lib
       284         16          0          0         96        584   c_w.l
        10          0          0          0          0        116   fz_wm.l

    ----------------------------------------------------------------------
      5588        536          0         40        204      80767   Library Totals

    ----------------------------------------------------------------------

==============================================================================


      Code (inc. data)   RO Data    RW Data    ZI Data      Debug   

      6068        646        592         60       4756      96431   Grand Totals
      6068        646        592         60       4756      96431   ELF Image Totals
      6068        646        592         60          0          0   ROM Totals

==============================================================================

    Total RO  Size (Code + RO Data)                 6660 (   6.50kB)
    Total RW  Size (RW Data + ZI Data)              4816 (   4.70kB)
    Total ROM Size (Code + RO Data + RW Data)       6720 (   6.56kB)

==============================================================================

